
===== E1 yujie 加入 ops(Operator)
-- 建 topic:
Error while executing topic command : Authorization failed.
[2026-10-07 05:11:34,337] ERROR org.apache.kafka.common.errors.TopicAuthorizationException: Authorization failed.
 (org.apache.kafka.tools.TopicCommand)
-- 列出 topic:
__consumer_offsets
__internal_confluent_only_broker_info
_confluent-alerts
-- 看 under-replicated:
Error while executing topic command : Topic authorization failed.
[2026-10-07 05:11:41,266] ERROR org.apache.kafka.common.errors.TopicAuthorizationException: Topic authorization failed.
 (org.apache.kafka.tools.TopicCommand)
(exit 0)
-- 讀 infra.exp-data:
The consumer rebalance protocol (KIP-848) is production-ready! Set group.protocol=consumer to try it out. See https://kafka.apache.org/documentation/#consumer_rebalance_p
[2026-10-07 05:11:44,501] ERROR Error processing message, terminating consumer process:  (org.apache.kafka.tools.consumer.ConsoleConsumer)
-- 改授權(MDS):
[HTTP 403]

===== E2 yujie 加入 topic-admin(ResourceOwner Topic*、Group*)
-- 建 topic:
Created topic infra.exp2.
-- 讀 infra.exp-data:
The consumer rebalance protocol (KIP-848) is production-ready! Set group.protocol=consumer to try it out. See https://kafka.apache.org/documentation/#consumer_rebalance_p
{"d":"secret-1"}
-- 改授權(MDS,範圍在她的 Topic* 內):
[HTTP 204]
-- 清掉她剛綁的:
[HTTP 204]
-- 刪 topic:

===== E3 ming 加入 rbac-admin(UserAdmin)
-- 改授權(MDS):
[HTTP 204]
-- 清掉:
[HTTP 204]
-- 建 topic:
Error while executing topic command : Authorization failed.
[2026-10-07 05:12:51,790] ERROR org.apache.kafka.common.errors.TopicAuthorizationException: Authorization failed.
 (org.apache.kafka.tools.TopicCommand)
-- 讀 infra.exp-data:
The consumer rebalance protocol (KIP-848) is production-ready! Set group.protocol=consumer to try it out. See https://kafka.apache.org/documentation/#consumer_rebalance_p
[2026-10-07 05:12:54,522] WARN [Consumer clientId=console-consumer, groupId=demo-ming-x] The metadata response from the cluster reported a recoverable issue with correlat

===== 收尾
done
