== 備份 certs → certs.bak,並以「新根 CA2(新金鑰)」產生新 server / client 憑證

【起點】舊 CA1:各埠出示的憑證
   [起點] Kafka 人員登入 broker1/2 錯誤數=0/0 | MDS 人登入=200 | REST Proxy(人 Basic)=200 | REST Proxy(legacy 憑證寫入)=200 | C3 網頁=200

【階段 1】所有信任庫先放「新舊兩個根」(憑證都還沒換)
   (信任庫檔案已換成 {CA1,CA2};尚未重啟:各元件仍在用舊信任庫)
   [尚未重啟] Kafka 人員登入 broker1/2 錯誤數=0/0 | MDS 人登入=200 | REST Proxy(人 Basic)=200 | REST Proxy(legacy 憑證寫入)=200 | C3 網頁=200
   ↻ 重啟 controller1
   ↻ 重啟 broker1
   ↻ 重啟 broker2
   ↻ 重啟 restproxy
   ↻ 重啟 control-center
   [階段 1 完成] Kafka 人員登入 broker1/2 錯誤數=0/0 | MDS 人登入=200 | REST Proxy(人 Basic)=200 | REST Proxy(legacy 憑證寫入)=200 | C3 網頁=200

【階段 2】換 server 憑證(CA2 簽發)
   (檔案已換,尚未重啟)各埠出示的憑證:
   依序重啟,觀察混合狀態(部分元件已換、部分還沒)是否中斷:
   ↻ 重啟 controller1
   [controller 已換] Kafka 人員登入 broker1/2 錯誤數=0/0 | MDS 人登入=200 | REST Proxy(人 Basic)=200 | REST Proxy(legacy 憑證寫入)=200 | C3 網頁=200
   ↻ 重啟 broker1
   [broker1 已換(broker2 還是舊憑證)] Kafka 人員登入 broker1/2 錯誤數=0/0 | MDS 人登入=200 | REST Proxy(人 Basic)=200 | REST Proxy(legacy 憑證寫入)=200 | C3 網頁=200
   ↻ 重啟 broker2
   ↻ 重啟 restproxy
   ↻ 重啟 control-center
   各埠出示的憑證:
   [階段 2 完成] Kafka 人員登入 broker1/2 錯誤數=0/0 | MDS 人登入=200 | REST Proxy(人 Basic)=200 | REST Proxy(legacy 憑證寫入)=200 | C3 網頁=200

【階段 3】重簽 client 憑證(c3、restproxy、bootstrap、adminrest、legacy-orders;CN 不變)
   (檔案已換,尚未重啟;legacy-orders 與 bootstrap 是 curl 直接讀檔,立即生效)
   [client 憑證已換、元件未重啟] Kafka 人員登入 broker1/2 錯誤數=0/0 | MDS 人登入=200 | REST Proxy(人 Basic)=200 | REST Proxy(legacy 憑證寫入)=200 | C3 網頁=200
   ↻ 重啟 broker1
   ↻ 重啟 broker2
   ↻ 重啟 restproxy
   ↻ 重啟 control-center
   [階段 3 完成] Kafka 人員登入 broker1/2 錯誤數=0/0 | MDS 人登入=200 | REST Proxy(人 Basic)=200 | REST Proxy(legacy 憑證寫入)=200 | C3 網頁=200
   舊 CA1 簽發的 legacy-orders 憑證(階段 4 之前,新舊根並存):
   → HTTP 200(仍被接受,因為信任庫還有 CA1)

【階段 4】全部確認後,移除舊根(信任庫只留 CA2)
   ↻ 重啟 controller1
   ↻ 重啟 broker1
   ↻ 重啟 broker2
   ↻ 重啟 restproxy
   ↻ 重啟 control-center
   [階段 4 完成(只信任 CA2)] Kafka 人員登入 broker1/2 錯誤數=0/0 | MDS 人登入=200 | REST Proxy(人 Basic)=200 | REST Proxy(legacy 憑證寫入)=200 | C3 網頁=200
   舊 CA1 簽發的 legacy-orders 憑證 → HTTP 000(000 = TLS 握手被拒)
   client 仍只信任舊根 CA1(沒更新信任庫)→ HTTP 000(000 = 不信任新 server 憑證)

== 還原原本的 certs 並重啟全部元件
   ↻ 重啟 controller1
   ↻ 重啟 broker1
   ↻ 重啟 broker2
   ↻ 重啟 restproxy
   ↻ 重啟 control-center
   [還原後] Kafka 人員登入 broker1/2 錯誤數=0/0 | MDS 人登入=200 | REST Proxy(人 Basic)=200 | REST Proxy(legacy 憑證寫入)=200 | C3 網頁=200
(certs.bak 保留作為備份,確認無誤後可刪)
