== 1 主機、服務、數字(21–24)
  PASS  24 節點不在清單
  PASS  24 節點名稱含空白
  PASS  24 天數不是數字
  PASS  24 天數小於下限
  PASS  23 服務不在清單
  PASS  23 行數不是數字
  PASS  21 不是 broker 服務
  PASS  23 合法輸入照常可用
== 2 topic、consumer group、主體(14、32、33、36、41)
  PASS  14 topic 名稱含空白
  PASS  32 受保護的 topic(底線開頭)
  PASS  32 受保護的 audit topic
  PASS  33 受保護的 topic
  PASS  33 不符命名規範
  PASS  36 group 名稱含分隔符
  PASS  36 重設位置格式錯
  PASS  41 主體格式錯
  PASS  41 合法主體
== 3 授權與緊急(42、91)
  PASS  42 不允許指派 SystemAdmin
  PASS  42 不允許指派 UserAdmin
  PASS  42 資源類型不在清單
  PASS  91 工具不在清單
  PASS  91 動作不在允許清單
  PASS  91 不允許覆寫連線設定
  PASS  91 允許的動作
  PASS  91 沒有原因被擋
== 4 紀錄:每筆一行、欄位固定
  PASS  一次執行只增加一行紀錄
  PASS  紀錄含 session id
== 5 帳密不出現在行程清單
  PASS  curl 的帳密與 token 不在 ps(抓到 10 次 curl)
== 6 暫存檔:放記憶體檔案系統、強制終止後由下次啟動清掉
  FAIL  暫存檔位置  ← Killed
  FAIL  殘留清理  ← 還有 2 個
== 7 正式設定(不允許環境變數覆寫)下,測試後門無效
  PASS  OPMENU_PASS 被忽略(要求輸入密碼)

== 結果:PASS 29 / FAIL 2
######## rocky/test.sh
===== sshd 旁路:ssh gary@jump id(應:進選單、不執行 id;紀錄 BYPASS_ATTEMPT)
操作者(作業系統登入帳號):gary
[31m登入失敗:帳號或密碼不正確。[0m
===== sshd 旁路:scp 與 sftp(應:失敗)
scp rc=255
sftp rc=255
===== sshd 旁路:轉埠(開通道後真的連一次;應:administratively prohibited,連線失敗)
經通道連 broker:HTTP 000
administratively prohibited
===== ssh 認證開關:password 模式(用登入選單的 AD 密碼 ssh 到節點,金鑰停用)
已重啟 node1 的 confluent-control-center
===== ssh 認證開關:password 模式但節點密碼不同(節點沒接 AD)→ 應 失敗;測完還原
node1                        gary@node1: Permission denied (publickey,gssapi-keyex,gssapi-with-mic,password).
[31m執行失敗(見上方訊息)[0m
===== ControlMaster:同一 session 內連兩次節點,第二次重用連線(看 ssh -O check)
Master running (pid=90655)
Exit request sent.
===== MDS 失效轉移:第一台填不存在的主機(broker9),應自動用第二台
-- 資源層級的綁定:
{"scope":{"clusters":{"kafka-cluster":"XyZBQ3-GTvKH2qNfP7X33A"}},"rolebindings":{"User:svc-orders":{"DeveloperWrite":[{"resourceType":"Topic","name":"orders.","patternType":"PREFIXED"}]}}}
===== MDS 失效轉移:bootstrap 包裝腳本(暫改設定檔,測完還原)
["SystemAdmin"]
HTTP 200===== MDS 全部連不上(應:登入失敗,不是當掉)
MDS 全部連不上:https://broker9:8091
[31m無法連到 MDS,請確認叢集狀態或通知管理員。[0m
===== 紀錄(容器內 /var/log/opmenu/opmenu.log)
2026-10-06 08:52:42 +0000 | ROCKY | gary | 14 查看某個 topic 的設定 | ticket=- | sid=1791276758-87603 | OK | orders.events [rc=0 4s]
2026-10-06 08:52:43 +0000 | ROCKY | gary | 16 查看磁碟與資料目錄用量 | ticket=- | sid=1791276763-87795 | OK |  [rc=0 0s]
2026-10-06 08:52:44 +0000 | ROCKY | gary | 17 查看憑證到期日 | ticket=- | sid=1791276764-87852 | OK |  [rc=0 0s]
2026-10-06 08:52:49 +0000 | ROCKY | gary | 18 收集診斷資訊 | ticket=- | sid=1791276765-87929 | OK |  [rc=0 4s]
2026-10-06 08:52:54 +0000 | ROCKY | gary | 21 重啟單一 broker | ticket=CHG-2026-0050 | sid=1791276769-88131 | OK | node1:confluent-server [rc=0 5s]
2026-10-06 08:52:55 +0000 | ROCKY | gary | 22 重啟 REST Proxy 或 C3 | ticket=CHG-2026-0050 | sid=1791276774-88329 | OK | node1:confluent-control-center [rc=0 1s]
2026-10-06 08:52:55 +0000 | ROCKY | gary | 23 查看服務日誌 | ticket=CHG-2026-0050 | sid=1791276775-88387 | OK | node1:confluent-server 10 [rc=0 0s]
2026-10-06 08:52:56 +0000 | ROCKY | gary | 24 清理過期的應用程式日誌 | ticket=CHG-2026-0050 | sid=1791276776-88449 | OK | node1 14 [rc=0 0s]
2026-10-06 08:52:57 +0000 | ROCKY | gary | 24 清理過期的應用程式日誌 | ticket=CHG-2026-0050 | sid=1791276777-88507 | FAIL | node1 3 [rc=1 0s]
2026-10-06 08:52:59 +0000 | ROCKY | gary | 31 建立 topic | ticket=CHG-2026-0050 | sid=1791276777-88564 | OK | rk.events 1 [rc=0 2s]
2026-10-06 08:53:04 +0000 | ROCKY | gary | 32 修改 topic 保留時間 | ticket=CHG-2026-0050 | sid=1791276780-88684 | OK | rk.events 3600000 [rc=0 4s]
2026-10-06 08:53:04 +0000 | ROCKY | gary | logout | ticket=- | sid=1791276725-86568 | LOGOUT | 
2026-10-06 08:53:07 +0000 | ROCKY | gary | 34 新增應用系統帳號 | ticket=CHG-2026-0050 | sid=1791276785-88891 | OK | svc-rktest rk. [rc=0 2s]
2026-10-06 08:53:08 +0000 | ROCKY | gary | 41 查看權限 | ticket=- | sid=1791276788-89053 | OK | User:svc-rktest [rc=0 0s]
2026-10-06 08:53:11 +0000 | ROCKY | gary | 35 更換應用系統帳號密碼 | ticket=CHG-2026-0050 | sid=1791276789-89135 | OK | svc-rktest [rc=0 2s]
2026-10-06 08:53:18 +0000 | ROCKY | gary | 36 重設 consumer 讀取位置 | ticket=CHG-2026-0050 | sid=1791276792-89258 | OK | rk-nogroup earliest [rc=0 6s]
2026-10-06 08:53:19 +0000 | ROCKY | gary | 42 指派或移除權限 | ticket=CHG-2026-0050 | sid=1791276798-89514 | OK | add kafka-readonly DeveloperRead Topic rk. [rc=0 0s]
2026-10-06 08:53:19 +0000 | ROCKY | gary | 42 指派或移除權限 | ticket=CHG-2026-0050 | sid=1791276799-89580 | OK | remove kafka-readonly DeveloperRead Topic rk. [rc=0 0s]
2026-10-06 08:53:40 +0000 | ROCKY | gary | 43 匯出 audit 紀錄 | ticket=CHG-2026-0050 | sid=1791276800-89646 | OK | 20 [rc=0 20s]
2026-10-06 08:53:45 +0000 | ROCKY | gary | 33 刪除 topic | ticket=CHG-2026-0050 | sid=1791276821-89774 | OK | rk.events [rc=0 4s]
2026-10-06 08:53:46 +0000 | ROCKY | gary | 91 bootstrap | ticket=CHG-2026-0050 | sid=1791276826-89966 | EMERGENCY | kafka-topics --list / 原因=test
2026-10-06 08:53:48 +0000 | ROCKY | gary | 91 緊急模式(bootstrap 身分執行一個指令) | ticket=CHG-2026-0050 | sid=1791276826-89966 | OK | kafka-topics --list [rc=0 2s]
2026-10-06 08:53:48 +0000 | ROCKY | gary | 91 緊急模式(bootstrap 身分執行一個指令) | ticket=CHG-2026-0050 | sid=1791276828-90107 | FAIL | kafka-delete-records --help [rc=1 0s]
2026-10-06 08:53:49 +0000 | ROCKY | gary | 91 bootstrap | ticket=CHG-2026-0050 | sid=1791276829-90164 | EMERGENCY | kafka-configs --alter --delete-config SCRAM-SHA-512 --entity-type users --entity-name svc-rktest / 原因=test
2026-10-06 08:53:52 +0000 | ROCKY | gary | 91 緊急模式(bootstrap 身分執行一個指令) | ticket=CHG-2026-0050 | sid=1791276829-90164 | OK | kafka-configs --alter --delete-config SCRAM-SHA-512 --entity-type users --entity-name svc-rktest [rc=0 3s]
2026-10-06 08:53:52 +0000 | ROCKY | gary | login | ticket=- | sid=1791276832-90306 | AUTH_FAIL | 
2026-10-06 08:53:53 +0000 | ROCKY | gary | ssh 指令被擋 | ticket=- | sid=- | BYPASS_ATTEMPT | id
2026-10-06 08:53:53 +0000 | ROCKY | gary | login | ticket=- | sid=1791276833-90354 | AUTH_FAIL | 
2026-10-06 08:53:54 +0000 | ROCKY | gary | ssh 指令被擋 | ticket=- | sid=- | BYPASS_ATTEMPT | /usr/libexec/openssh/sftp-server
2026-10-06 08:53:54 +0000 | ROCKY | gary | ssh 指令被擋 | ticket=- | sid=- | BYPASS_ATTEMPT | /usr/libexec/openssh/sftp-server
2026-10-06 08:53:59 +0000 | ROCKY | gary | 22 重啟 REST Proxy 或 C3 | ticket=CHG-2026-0051 | sid=1791276838-90531 | OK | node1:confluent-control-center [rc=0 1s]
2026-10-06 08:54:04 +0000 | ROCKY | gary | 16 查看磁碟與資料目錄用量 | ticket=- | sid=1791276840-90590 | FAIL |  [rc=255 4s]
2026-10-06 08:54:22 +0000 | ROCKY | gary | 41 查看權限 | ticket=- | sid=1791276846-90673 | OK | User:svc-orders [rc=0 8s]
2026-10-06 08:54:36 +0000 | ROCKY | gary | login | ticket=- | sid=1791276868-90786 | MDS_DOWN | 
######## test-all.sh (docker)
===== 42 remove kafka-readonly DeveloperRead Topic opm.
[31m執行失敗(見上方訊息)[0m
===== 43 50
[31m執行失敗(見上方訊息)[0m
===== 22 restproxy
cat: '': No such file or directory
===== 22 broker1
[31m執行失敗(見上方訊息)[0m
===== 23 restproxy 5
cat: '': No such file or directory
===== 24 broker1 14
cat: '': No such file or directory
===== 24 broker1 3
[31m執行失敗(見上方訊息)[0m
===== 91 kafka-topics --list
payments.events
cat: '': No such file or directory
cat: '': No such file or directory
===== 91 kafka-delete-records --help
[31m執行失敗(見上方訊息)[0m
===== 收尾:刪測試帳號與綁定(用 bootstrap)
[31m執行失敗(見上方訊息)[0m
===== 紀錄
2026-10-06 16:55:02 +0800 | DEMO | gary | 34 新增應用系統帳號 | ticket=CHG-2026-0010 | sid=1791276897-1718 | FAIL | svc-opmtest opm. [rc=1 2s]
2026-10-06 16:55:06 +0800 | DEMO | gary | 41 查看權限 | ticket=- | sid=1791276902-1792 | OK | User:svc-opmtest [rc=0 2s]
2026-10-06 16:55:12 +0800 | DEMO | gary | 35 更換應用系統帳號密碼 | ticket=CHG-2026-0010 | sid=1791276907-1883 | FAIL | svc-opmtest [rc=1 3s]
2026-10-06 16:55:14 +0800 | DEMO | gary | 35 更換應用系統帳號密碼 | ticket=CHG-2026-0010 | sid=1791276912-1957 | FAIL | gary [rc=1 0s]
2026-10-06 16:55:18 +0800 | DEMO | gary | 31 建立 topic | ticket=CHG-2026-0010 | sid=1791276914-2016 | FAIL | opm.events 1 [rc=1 3s]
2026-10-06 16:55:27 +0800 | DEMO | gary | 36 重設 consumer 讀取位置 | ticket=CHG-2026-0010 | sid=1791276919-2088 | OK | opmenu-nogroup earliest [rc=0 7s]
2026-10-06 16:55:34 +0800 | DEMO | gary | 33 刪除 topic | ticket=CHG-2026-0010 | sid=1791276928-2179 | FAIL | opm.events [rc=1 5s]
2026-10-06 16:55:38 +0800 | DEMO | ming | 41 查看權限 | ticket=- | sid=1791276935-2265 | FAIL | User:svc-orders [rc=1 2s]
2026-10-06 16:55:42 +0800 | DEMO | gary | 42 指派或移除權限 | ticket=CHG-2026-0010 | sid=1791276939-2342 | FAIL | add kafka-readonly DeveloperRead Topic opm. [rc=1 1s]
2026-10-06 16:55:47 +0800 | DEMO | gary | 41 查看權限 | ticket=- | sid=1791276943-2418 | OK | Group:kafka-readonly [rc=0 3s]
2026-10-06 16:55:51 +0800 | DEMO | gary | 42 指派或移除權限 | ticket=CHG-2026-0010 | sid=1791276948-2509 | FAIL | remove kafka-readonly DeveloperRead Topic opm. [rc=1 2s]
2026-10-06 16:55:55 +0800 | DEMO | gary | 43 匯出 audit 紀錄 | ticket=CHG-2026-0010 | sid=1791276952-2585 | FAIL | 50 [rc=1 2s]
2026-10-06 16:55:58 +0800 | DEMO | gary | 22 重啟 REST Proxy 或 C3 | ticket=CHG-2026-0010 | sid=1791276956-2661 | OK | restproxy [rc=0 1s]
2026-10-06 16:56:00 +0800 | DEMO | gary | 22 重啟 REST Proxy 或 C3 | ticket=CHG-2026-0010 | sid=1791276959-2721 | FAIL | broker1 [rc=1 0s]
2026-10-06 16:56:03 +0800 | DEMO | gary | 23 查看服務日誌 | ticket=CHG-2026-0010 | sid=1791276961-2781 | OK | restproxy 5 [rc=0 1s]
2026-10-06 16:56:05 +0800 | DEMO | gary | 24 清理過期的應用程式日誌 | ticket=CHG-2026-0010 | sid=1791276963-2845 | OK | broker1 14 [rc=0 0s]
2026-10-06 16:56:08 +0800 | DEMO | gary | 24 清理過期的應用程式日誌 | ticket=CHG-2026-0010 | sid=1791276966-2901 | FAIL | broker1 3 [rc=1 0s]
2026-10-06 16:56:10 +0800 | DEMO | gary | 91 bootstrap | ticket=CHG-2026-0010 | sid=1791276969-2961 | EMERGENCY | kafka-topics --list / 原因=test
2026-10-06 16:56:13 +0800 | DEMO | gary | 91 緊急模式(bootstrap 身分執行一個指令) | ticket=CHG-2026-0010 | sid=1791276969-2961 | OK | kafka-topics --list [rc=0 3s]
2026-10-06 16:56:16 +0800 | DEMO | gary | 91 緊急模式(bootstrap 身分執行一個指令) | ticket=CHG-2026-0010 | sid=1791276975-3040 | FAIL | kafka-delete-records --help [rc=1 0s]
2026-10-06 16:56:19 +0800 | DEMO | gary | 91 bootstrap | ticket=CHG-2026-0010 | sid=1791276977-3099 | EMERGENCY | kafka-configs --alter --delete-config SCRAM-SHA-512 --entity-type users --entity-name svc-opmtest / 原因=test
2026-10-06 16:56:23 +0800 | DEMO | gary | 91 緊急模式(bootstrap 身分執行一個指令) | ticket=CHG-2026-0010 | sid=1791276977-3099 | FAIL | kafka-configs --alter --delete-config SCRAM-SHA-512 --entity-type users --entity-name svc-opmtest [rc=1 3s]
