######## test-security.sh
== 1 主機、服務、數字(21–24)
  PASS  24 節點不在清單
  PASS  24 節點名稱含空白
  PASS  24 天數不是數字
  PASS  24 天數小於下限
  PASS  23 服務不在清單
  PASS  23 行數不是數字
  PASS  21 不是 broker 服務
  PASS  23 合法輸入照常可用
== 2 topic、consumer group、主體(14、32、33、36、41)
  PASS  14 topic 名稱含空白
  PASS  32 受保護的 topic(底線開頭)
  PASS  32 受保護的 audit topic
  PASS  33 受保護的 topic
  PASS  33 不符命名規範
  PASS  36 group 名稱含分隔符
  PASS  36 重設位置格式錯
  PASS  41 主體格式錯
  PASS  41 合法主體
== 3 授權與緊急(42、91)
  PASS  42 不允許指派 SystemAdmin
  PASS  42 不允許指派 UserAdmin
  PASS  42 資源類型不在清單
  PASS  91 工具不在清單
  PASS  91 動作不在允許清單
  PASS  91 不允許覆寫連線設定
  PASS  91 允許的動作
  PASS  91 沒有原因被擋
== 4 紀錄:每筆一行、欄位固定
  PASS  一次執行只增加一行紀錄
  PASS  紀錄含 session id
== 5 帳密不出現在行程清單
  PASS  curl 的帳密與 token 不在 ps(抓到 10 次 curl)
== 6 暫存檔:放記憶體檔案系統、強制終止後由下次啟動清掉
  PASS  session 中有 2 個暫存檔在 /dev/shm;KILL 後殘留(預期)
  FAIL  殘留清理  ← 還有 2 個
== 7 正式設定(不允許環境變數覆寫)下,測試後門無效
  PASS  OPMENU_PASS 被忽略(要求輸入密碼)

== 結果:PASS 30 / FAIL 1
######## test-all.sh (docker)
===== 18
已打包:/c/Users/user/IdeaProjects/untitled6/demo/opmenu/log/diag-20261006-165811-gary.tgz(40K)
===== 13 demo-
demo-yujie                     infra.ops-demo                    0  落後 0
== demo-ming                      合計落後 12
== demo-yujie                     合計落後 0
===== 13 zzz
[31m執行失敗(見上方訊息)[0m
===== 34 svc-opmtest opm.
Completed updating config for user svc-opmtest.
帳號 svc-opmtest 已建立;密碼(只顯示這一次,請存入密碼庫):wJW0EwVb2wpyjGdhBCWd
===== 41 User:svc-opmtest
[1m[41] 查看權限[0m  (授權與緊急)
  輸入 AD 群組或帳號,列出它綁定的 role 與資源(需 SecurityAdmin 或 UserAdmin)
-- 叢集層級的 role:
["DeveloperRead","DeveloperWrite"]
-- 資源層級的綁定:
{"scope":{"clusters":{"kafka-cluster":"XyZBQ3-GTvKH2qNfP7X33A"}},"rolebindings":{"User:svc-opmtest":{"DeveloperRead":[{"resourceType":"Group","name":"opm.","patternType":"PREFIXED"},{"resourceType":"Topic","name":"opm.","patternType":"PREFIXED"}],"DeveloperWrite":[{"resourceType":"Topic","name":"opm.","patternType":"PREFIXED"}]}}}
===== 35 svc-opmtest
新密碼(只顯示這一次,請存入密碼庫):Y8GVuxjgPmw9YCsFp1bg
===== 35 gary
[31m執行失敗(見上方訊息)[0m
===== 31 opm.events 1
Created topic opm.events.
===== 36 opmenu-nogroup earliest
[33m將執行:重設 opmenu-nogroup 的讀取位置到 earliest(單號 CHG-2026-0010)[0m
GROUP           TOPIC           PARTITION  NEW-OFFSET
===== 33 opm.events
  有 consumer 在線時拒絕;受保護的 topic 不處理
[33m將執行:刪除 topic opm.events,資料不可復原(單號 CHG-2026-0010)[0m
===== 41 沒有權限的人(ming,應 DENIED)
[31mKafka 拒絕:你的群組沒有這項權限,請依變更單申請。[0m
===== 42 add kafka-readonly DeveloperRead Topic opm.
已完成:add Group:kafka-readonly DeveloperRead
===== 41 Group:kafka-readonly
["DeveloperRead"]
-- 資源層級的綁定:
{"scope":{"clusters":{"kafka-cluster":"XyZBQ3-GTvKH2qNfP7X33A"}},"rolebindings":{"Group:kafka-readonly":{"DeveloperRead":[{"resourceType":"Topic","name":"opm.","patternType":"PREFIXED"}]}}}
===== 42 remove kafka-readonly DeveloperRead Topic opm.
已完成:remove Group:kafka-readonly DeveloperRead
===== 43 50
[31m執行失敗(見上方訊息)[0m
===== 22 restproxy
已重啟 restproxy
===== 22 broker1
[31m執行失敗(見上方訊息)[0m
===== 23 restproxy 5
(最近 5 行沒有錯誤或警告)
===== 24 broker1 14
容器環境的日誌由 docker 管理,沒有可清理的日誌檔(正式環境:刪除 broker1 上超過 14 天的日誌檔)
===== 24 broker1 3
[31m執行失敗(見上方訊息)[0m
===== 91 kafka-topics --list
orders.events
orders.payments
payments.events
===== 91 kafka-delete-records --help
[31m執行失敗(見上方訊息)[0m
===== 收尾:刪測試帳號與綁定(用 bootstrap)
Completed updating config for user svc-opmtest.
===== 紀錄
2026-10-06 16:58:47 +0800 | DEMO | gary | 34 新增應用系統帳號 | ticket=CHG-2026-0010 | sid=1791277118-1088 | OK | svc-opmtest opm. [rc=0 8s]
2026-10-06 16:58:53 +0800 | DEMO | gary | 41 查看權限 | ticket=- | sid=1791277128-1211 | OK | User:svc-opmtest [rc=0 2s]
2026-10-06 16:58:58 +0800 | DEMO | gary | 35 更換應用系統帳號密碼 | ticket=CHG-2026-0010 | sid=1791277134-1307 | OK | svc-opmtest [rc=0 3s]
2026-10-06 16:59:01 +0800 | DEMO | gary | 35 更換應用系統帳號密碼 | ticket=CHG-2026-0010 | sid=1791277139-1382 | FAIL | gary [rc=1 0s]
2026-10-06 16:59:06 +0800 | DEMO | gary | 31 建立 topic | ticket=CHG-2026-0010 | sid=1791277142-1447 | OK | opm.events 1 [rc=0 3s]
2026-10-06 16:59:18 +0800 | DEMO | gary | 36 重設 consumer 讀取位置 | ticket=CHG-2026-0010 | sid=1791277147-1519 | OK | opmenu-nogroup earliest [rc=0 9s]
2026-10-06 16:59:26 +0800 | DEMO | gary | 33 刪除 topic | ticket=CHG-2026-0010 | sid=1791277158-1615 | OK | opm.events [rc=0 6s]
2026-10-06 16:59:29 +0800 | DEMO | ming | 41 查看權限 | ticket=- | sid=1791277167-1702 | DENIED | User:svc-orders [rc=1 1s]
2026-10-06 16:59:32 +0800 | DEMO | gary | 42 指派或移除權限 | ticket=CHG-2026-0010 | sid=1791277170-1782 | OK | add kafka-readonly DeveloperRead Topic opm. [rc=0 1s]
2026-10-06 16:59:37 +0800 | DEMO | gary | 41 查看權限 | ticket=- | sid=1791277173-1859 | OK | Group:kafka-readonly [rc=0 3s]
2026-10-06 16:59:41 +0800 | DEMO | gary | 42 指派或移除權限 | ticket=CHG-2026-0010 | sid=1791277178-1955 | OK | remove kafka-readonly DeveloperRead Topic opm. [rc=0 1s]
2026-10-06 17:00:06 +0800 | DEMO | gary | 43 匯出 audit 紀錄 | ticket=CHG-2026-0010 | sid=1791277182-2032 | FAIL | 50 [rc=1 21s]
2026-10-06 17:00:09 +0800 | DEMO | gary | 22 重啟 REST Proxy 或 C3 | ticket=CHG-2026-0010 | sid=1791277206-2113 | OK | restproxy [rc=0 1s]
2026-10-06 17:00:11 +0800 | DEMO | gary | 22 重啟 REST Proxy 或 C3 | ticket=CHG-2026-0010 | sid=1791277210-2178 | FAIL | broker1 [rc=1 0s]
2026-10-06 17:00:14 +0800 | DEMO | gary | 23 查看服務日誌 | ticket=CHG-2026-0010 | sid=1791277212-2243 | OK | restproxy 5 [rc=0 1s]
2026-10-06 17:00:17 +0800 | DEMO | gary | 24 清理過期的應用程式日誌 | ticket=CHG-2026-0010 | sid=1791277215-2311 | OK | broker1 14 [rc=0 0s]
2026-10-06 17:00:20 +0800 | DEMO | gary | 24 清理過期的應用程式日誌 | ticket=CHG-2026-0010 | sid=1791277218-2373 | FAIL | broker1 3 [rc=1 0s]
2026-10-06 17:00:22 +0800 | DEMO | gary | 91 bootstrap | ticket=CHG-2026-0010 | sid=1791277220-2438 | EMERGENCY | kafka-topics --list / 原因=test
2026-10-06 17:00:26 +0800 | DEMO | gary | 91 緊急模式(bootstrap 身分執行一個指令) | ticket=CHG-2026-0010 | sid=1791277220-2438 | OK | kafka-topics --list [rc=0 4s]
2026-10-06 17:00:28 +0800 | DEMO | gary | 91 緊急模式(bootstrap 身分執行一個指令) | ticket=CHG-2026-0010 | sid=1791277227-2522 | FAIL | kafka-delete-records --help [rc=1 0s]
2026-10-06 17:00:31 +0800 | DEMO | gary | 91 bootstrap | ticket=CHG-2026-0010 | sid=1791277229-2586 | EMERGENCY | kafka-configs --alter --delete-config SCRAM-SHA-512 --entity-type users --entity-name svc-opmtest / 原因=test
2026-10-06 17:00:35 +0800 | DEMO | gary | 91 緊急模式(bootstrap 身分執行一個指令) | ticket=CHG-2026-0010 | sid=1791277229-2586 | OK | kafka-configs --alter --delete-config SCRAM-SHA-512 --entity-type users --entity-name svc-opmtest [rc=0 4s]
