===== 環境:jump host 能 ssh 到 node、node 的假服務在跑
node1
active
active
===== 作業系統層:gary 讀不到 bootstrap certificate;sudo 只開放包裝腳本
    !visiblepw, always_set_home, match_group_by_gid, always_query_group_plugin, env_reset, env_keep="COLORS DISPLAY HOSTNAME HISTSIZE KDEDIR LS_COLORS", env_keep+="MAIL PS1 PS2 QTDIR USERNAME LANG LC_ADDRESS LC_CTYPE", env_keep+="LC_COLLATE LC_IDENTIFICATION LC_MEASUREMENT LC_MESSAGES", env_keep+="LC_MONETARY LC_NAME LC_NUMERIC LC_PAPER LC_TELEPHONE", env_keep+="LC_TIME LC_ALL LANGUAGE LINGUAS _XKB_CHARSET XAUTHORITY", secure_path=/sbin\:/bin\:/usr/sbin\:/usr/bin

User gary may run the following commands on jump:
    (opbootstrap) NOPASSWD: /usr/local/sbin/opmenu-bootstrap
===== 登入殼層:su - gary 直接進選單(送 0 離開)
操作者(作業系統登入帳號):gary

===== 11
-- offline partition(應為空):
-- broker 在線清單:
broker1:9094 (id: 11
broker2:9094 (id: 12

===== 12
 Topic: _confluent-telemetry-metrics Partition: 9 Leader: 12 Replicas: 12,11 Isr: 11,12 Offline: Elr: LastKnownElr: 
 Topic: _confluent-telemetry-metrics Partition: 10 Leader: 11 Replicas: 11,12 Isr: 11,12 Offline: Elr: LastKnownElr: 
 Topic: _confluent-telemetry-metrics Partition: 11 Leader: 12 Replicas: 12,11 Isr: 11,12 Offline: Elr: LastKnownElr: 

===== 13 demo-
demo-yujie                     infra.ops-demo                    0  lag 0
== demo-ming                      合計 lag 92
== demo-yujie                     合計 lag 0

===== 14 orders.events
  min.insync.replicas=1
  retention.ms=604800000
Topic: orders.events	TopicId: xXfDe2xTSo-j_QqFZlkJHg	PartitionCount: 1	ReplicationFactor: 2	Configs: min.insync.replicas=1

===== 16
  各 node Kafka data directory
node1                        磁碟用量 9%  剩餘 876G

===== 17
client-bootstrap.pem             Jan  4 12:01:22 2029 GMT
client-c3.pem                    Jan  4 11:51:37 2029 GMT
client-restproxy.pem             Jan  4 11:51:38 2029 GMT
server.pem                       Jan  4 11:51:37 2029 GMT

===== 18
已打包:/var/log/opmenu/diag-20261006-161114-gary.tgz(8.0K)

===== 21 node1:confluent-server
[33m將執行:重啟 node1:confluent-server(ticket CHG-2026-0050);期間該台的 partition 會切換 leader[0m
已重啟 node1 的 confluent-server

===== 22 node1:confluent-control-center
已重啟 node1 的 confluent-control-center

===== 23 node1:confluent-server 10
[1m[23] 查看服務日誌[0m  (服務操作)
  最近 N 行的錯誤與警告;會記錄誰看了哪台的日誌
Oct 06 16:11:08 node1 fake-service[354]: WARN [confluent-server] heartbeat 522: simulated warning

===== 24 node1 14
已刪除 0 個超過 14 天的日誌檔(node1)

===== 24 node1 3
[31m執行失敗(見上方訊息)[0m

===== 31 rk.events 1
Created topic rk.events.

===== 32 rk.events 3600000
Completed updating config for topic rk.events.

===== 34 svc-rktest rk.
Completed updating config for user svc-rktest.
帳號 svc-rktest 已建立;密碼(只顯示這一次,請存入密碼庫):8KKrcLI8kfKxUVXeAESj

===== 41 User:svc-rktest
-- cluster 層級的 role:
["DeveloperRead","DeveloperWrite"]
-- 資源層級的 binding:
{"scope":{"clusters":{"kafka-cluster":"XyZBQ3-GTvKH2qNfP7X33A"}},"rolebindings":{"User:svc-rktest":{"DeveloperRead":[{"resourceType":"Group","name":"rk.","patternType":"PREFIXED"},{"resourceType":"Topic","name":"rk.","patternType":"PREFIXED"}],"DeveloperWrite":[{"resourceType":"Topic","name":"rk.","patternType":"PREFIXED"}]}}}

===== 35 svc-rktest
新密碼(只顯示這一次,請存入密碼庫):0h2OR3nNglF0nY9Cx1s0

===== 36 rk-nogroup earliest
[33m將執行:重設 rk-nogroup 的讀取位置到 earliest(ticket CHG-2026-0050)[0m
GROUP           TOPIC           PARTITION  NEW-OFFSET

===== 42 add kafka-readonly DeveloperRead Topic rk.
已完成:add Group:kafka-readonly DeveloperRead

===== 42 remove kafka-readonly DeveloperRead Topic rk.
已完成:remove Group:kafka-readonly DeveloperRead

===== 43 20
已匯出最近 20 分鐘共 89 筆:/var/log/opmenu/audit-20261006-161149-gary.jsonl

===== 33 rk.events
[33m將執行:刪除 topic rk.events,資料不可復原(ticket CHG-2026-0050)[0m

===== 91 kafka-topics --list
orders.events
orders.payments
payments.events

===== 91 kafka-delete-records --help
[31m執行失敗(見上方訊息)[0m

===== 收尾:刪測試帳號(用 bootstrap)
Completed updating config for user svc-rktest.

===== 冒用測試:環境變數給 OPMENU_USER=ming + ming 的密碼;設定檔 OPMENU_USER_FROM_OS=1 蓋過環境變數,身分仍是 gary → 應 登入失敗
[31m登入失敗:帳號或密碼不正確。[0m

===== sshd 旁路:ssh gary@jump id(應:進選單、不執行 id;紀錄 BYPASS_ATTEMPT)
操作者(作業系統登入帳號):gary
[31m登入失敗:帳號或密碼不正確。[0m
===== sshd 旁路:scp 與 sftp(應:失敗)
scp rc=255
sftp rc=255
===== sshd 旁路:轉埠(開通道後真的連一次;應:administratively prohibited,連線失敗)
經通道連 broker:HTTP 000
administratively prohibited

===== ssh 認證開關:password 模式(用登入選單的 AD 密碼 ssh 到 node,金鑰停用)
已重啟 node1 的 confluent-control-center
===== ssh 認證開關:password 模式但 node 密碼不同(node 沒接 AD)→ 應 失敗;測完還原
node1                        gary@node1: Permission denied (publickey,gssapi-keyex,gssapi-with-mic,password).
[31m執行失敗(見上方訊息)[0m
===== ControlMaster:同一 session 內連兩次 node,第二次重用連線(看 ssh -O check)
Master running (pid=65579)
Exit request sent.

===== MDS 失效轉移:第一台填不存在的主機(broker9),應自動用第二台
-- 資源層級的 binding:
{"scope":{"clusters":{"kafka-cluster":"XyZBQ3-GTvKH2qNfP7X33A"}},"rolebindings":{"User:svc-orders":{"DeveloperWrite":[{"resourceType":"Topic","name":"orders.","patternType":"PREFIXED"}]}}}
===== MDS 失效轉移:bootstrap 包裝腳本(暫改設定檔,測完還原)
["SystemAdmin"]
HTTP 200===== MDS 全部連不上(應:登入失敗,不是當掉)
MDS 全部連不上:https://broker9:8091
[31m無法連到 MDS,請確認 cluster 狀態或通知管理員。[0m

===== 紀錄(容器內 /var/log/opmenu/opmenu.log)
2026-10-06 16:11:07 +0000 | ROCKY | gary | 13 查看 consumer lag | ticket=- | sid=1791303063-61978 | OK | demo- [rc=0 4s]
2026-10-06 16:11:12 +0000 | ROCKY | gary | 14 查看某個 topic 的設定 | ticket=- | sid=1791303067-62182 | OK | orders.events [rc=0 4s]
2026-10-06 16:11:12 +0000 | ROCKY | gary | 16 查看磁碟與 data directory 用量 | ticket=- | sid=1791303072-62382 | OK |  [rc=0 0s]
2026-10-06 16:11:13 +0000 | ROCKY | gary | 17 查看 certificate 到期日 | ticket=- | sid=1791303073-62448 | OK |  [rc=0 0s]
2026-10-06 16:11:18 +0000 | ROCKY | gary | 18 收集 diagnostics | ticket=- | sid=1791303074-62535 | OK |  [rc=0 4s]
2026-10-06 16:11:23 +0000 | ROCKY | gary | 21 重啟單一 broker | ticket=CHG-2026-0050 | sid=1791303079-62746 | OK | node1:confluent-server [rc=0 4s]
2026-10-06 16:11:24 +0000 | ROCKY | gary | 22 重啟 REST Proxy 或 C3 | ticket=CHG-2026-0050 | sid=1791303084-62961 | OK | node1:confluent-control-center [rc=0 0s]
2026-10-06 16:11:25 +0000 | ROCKY | gary | 23 查看服務日誌 | ticket=CHG-2026-0050 | sid=1791303084-63036 | OK | node1:confluent-server 10 [rc=0 0s]
2026-10-06 16:11:26 +0000 | ROCKY | gary | 24 清理過期的應用程式日誌 | ticket=CHG-2026-0050 | sid=1791303085-63115 | OK | node1 14 [rc=0 0s]
2026-10-06 16:11:27 +0000 | ROCKY | gary | 24 清理過期的應用程式日誌 | ticket=CHG-2026-0050 | sid=1791303087-63190 | FAIL | node1 3 [rc=1 0s]
2026-10-06 16:11:29 +0000 | ROCKY | gary | 31 建立 topic | ticket=CHG-2026-0050 | sid=1791303087-63264 | OK | rk.events 1 [rc=0 2s]
2026-10-06 16:11:34 +0000 | ROCKY | gary | 32 修改 topic retention | ticket=CHG-2026-0050 | sid=1791303090-63400 | OK | rk.events 3600000 [rc=0 4s]
2026-10-06 16:11:37 +0000 | ROCKY | gary | 34 新增 service account | ticket=CHG-2026-0050 | sid=1791303095-63607 | OK | svc-rktest rk. [rc=0 2s]
2026-10-06 16:11:38 +0000 | ROCKY | gary | 41 查看權限 | ticket=- | sid=1791303098-63787 | OK | User:svc-rktest [rc=0 0s]
2026-10-06 16:11:41 +0000 | ROCKY | gary | 35 更換 service account 密碼 | ticket=CHG-2026-0050 | sid=1791303098-63878 | OK | svc-rktest [rc=0 2s]
2026-10-06 16:11:47 +0000 | ROCKY | gary | 36 重設 consumer 讀取位置 | ticket=CHG-2026-0050 | sid=1791303101-64017 | OK | rk-nogroup earliest [rc=0 6s]
2026-10-06 16:11:48 +0000 | ROCKY | gary | 42 指派或移除權限 | ticket=CHG-2026-0050 | sid=1791303108-64289 | OK | add kafka-readonly DeveloperRead Topic rk. [rc=0 0s]
2026-10-06 16:11:49 +0000 | ROCKY | gary | 42 指派或移除權限 | ticket=CHG-2026-0050 | sid=1791303108-64371 | OK | remove kafka-readonly DeveloperRead Topic rk. [rc=0 1s]
2026-10-06 16:12:10 +0000 | ROCKY | gary | 43 匯出 audit 紀錄 | ticket=CHG-2026-0050 | sid=1791303109-64453 | OK | 20 [rc=0 21s]
2026-10-06 16:12:14 +0000 | ROCKY | gary | 33 刪除 topic | ticket=CHG-2026-0050 | sid=1791303130-64597 | OK | rk.events [rc=0 4s]
2026-10-06 16:12:15 +0000 | ROCKY | gary | 91 bootstrap | ticket=CHG-2026-0050 | sid=1791303135-64804 | EMERGENCY | kafka-topics --list / 原因=test
2026-10-06 16:12:17 +0000 | ROCKY | gary | 91 緊急模式(bootstrap 身分執行一個指令) | ticket=CHG-2026-0050 | sid=1791303135-64804 | OK | kafka-topics --list [rc=0 2s]
2026-10-06 16:12:17 +0000 | ROCKY | gary | 91 緊急模式(bootstrap 身分執行一個指令) | ticket=CHG-2026-0050 | sid=1791303137-64961 | FAIL | kafka-delete-records --help [rc=1 0s]
2026-10-06 16:12:18 +0000 | ROCKY | gary | 91 bootstrap | ticket=CHG-2026-0050 | sid=1791303138-65034 | EMERGENCY | kafka-configs --alter --delete-config SCRAM-SHA-512 --entity-type users --entity-name svc-rktest / 原因=test
2026-10-06 16:12:20 +0000 | ROCKY | gary | 91 緊急模式(bootstrap 身分執行一個指令) | ticket=CHG-2026-0050 | sid=1791303138-65034 | OK | kafka-configs --alter --delete-config SCRAM-SHA-512 --entity-type users --entity-name svc-rktest [rc=0 2s]
2026-10-06 16:12:21 +0000 | ROCKY | gary | login | ticket=- | sid=1791303141-65191 | AUTH_FAIL | 
2026-10-06 16:12:22 +0000 | ROCKY | gary | ssh 指令被擋 | ticket=- | sid=- | BYPASS_ATTEMPT | id
2026-10-06 16:12:22 +0000 | ROCKY | gary | login | ticket=- | sid=1791303142-65242 | AUTH_FAIL | 
2026-10-06 16:12:23 +0000 | ROCKY | gary | ssh 指令被擋 | ticket=- | sid=- | BYPASS_ATTEMPT | /usr/libexec/openssh/sftp-server
2026-10-06 16:12:23 +0000 | ROCKY | gary | ssh 指令被擋 | ticket=- | sid=- | BYPASS_ATTEMPT | /usr/libexec/openssh/sftp-server
2026-10-06 16:12:28 +0000 | ROCKY | gary | 22 重啟 REST Proxy 或 C3 | ticket=CHG-2026-0051 | sid=1791303148-65428 | OK | node1:confluent-control-center [rc=0 0s]
2026-10-06 16:12:31 +0000 | ROCKY | gary | 16 查看磁碟與 data directory 用量 | ticket=- | sid=1791303149-65504 | FAIL |  [rc=255 2s]
2026-10-06 16:12:49 +0000 | ROCKY | gary | 41 查看權限 | ticket=- | sid=1791303153-65597 | OK | User:svc-orders [rc=0 8s]
2026-10-06 16:13:03 +0000 | ROCKY | gary | login | ticket=- | sid=1791303175-65720 | MDS_DOWN | 
