 Image rocky-jump Building 
 Image rocky-node1 Building 
#1 [internal] load local bake definitions
#1 reading from stdin 1.25kB 0.0s done
#1 DONE 0.0s

#2 [node1 internal] load build definition from Dockerfile
#2 transferring dockerfile: 1.85kB 0.0s done
#2 DONE 0.1s

#3 [jump internal] load build definition from Dockerfile
#3 transferring dockerfile: 2.47kB 0.0s done
#3 DONE 0.1s

#4 [jump context keys] load .dockerignore
#4 transferring keys: 2B done
#4 DONE 0.0s

#5 [node1 internal] load metadata for docker.io/library/rockylinux:9
#5 DONE 0.1s

#6 [jump internal] load metadata for docker.io/confluentinc/cp-server:8.3.2
#6 DONE 0.1s

#7 [node1 internal] load .dockerignore
#7 transferring context: 2B done
#7 DONE 0.0s

#8 [jump internal] load .dockerignore
#8 transferring context: 2B done
#8 DONE 0.0s

#9 [jump internal] load build context
#9 DONE 0.0s

#10 [jump context keys] load from client
#10 DONE 0.0s

#11 [node1 stage-0 1/9] FROM docker.io/library/rockylinux:9@sha256:d7be1c094cc5845ee815d4632fe377514ee6ebcf8efaed6892889657e5ddaaa6
#11 resolve docker.io/library/rockylinux:9@sha256:d7be1c094cc5845ee815d4632fe377514ee6ebcf8efaed6892889657e5ddaaa6 0.0s done
#11 DONE 0.0s

#12 [jump cp 1/1] FROM docker.io/confluentinc/cp-server:8.3.2@sha256:9646824ecca7a9101095bcf80f86ecb960b605164edabcf616919b8b36e6eb04
#12 resolve docker.io/confluentinc/cp-server:8.3.2@sha256:9646824ecca7a9101095bcf80f86ecb960b605164edabcf616919b8b36e6eb04 0.0s done
#12 DONE 0.0s

#13 [node1 context keys] load from client
#13 transferring keys: 126B done
#13 DONE 0.0s

#14 [node1 internal] load build context
#14 transferring context: 468B done
#14 DONE 0.0s

#15 [node1 stage-0 3/9] COPY fake-service /usr/local/bin/fake-service
#15 CACHED

#16 [node1 stage-0 2/9] RUN dnf -y install systemd openssh-server sudo procps-ng findutils && dnf clean all     && systemctl enable sshd
#16 CACHED

#17 [node1 stage-0 4/9] RUN chmod 755 /usr/local/bin/fake-service     && for s in confluent-server confluent-control-center; do printf '[Unit]\nDescription=%s (fake)\n[Service]\nExecStart=/usr/local/bin/fake-service %s\nRestart=always\n[Install]\nWantedBy=multi-user.target\n' "$s" "$s" > /etc/systemd/system/$s.service; systemctl enable $s; done
#17 CACHED

#18 [node1 stage-0 5/9] RUN mkdir -p /var/lib/kafka/data /var/log/kafka && dd if=/dev/zero of=/var/lib/kafka/data/00000.log bs=1M count=8 2>/dev/null     && for d in 1 10 20 40; do touch -d "$d days ago" /var/log/kafka/server.log.$d; done
#18 CACHED

#10 [jump context keys] load from client
#10 transferring keys: 432B done
#10 DONE 0.0s

#9 [jump internal] load build context
#9 transferring context: 3.13kB done
#9 DONE 0.0s

#19 [jump stage-1  5/14] COPY --from=cp /etc/kafka /etc/kafka
#19 CACHED

#20 [jump stage-1  2/14] RUN dnf -y install java-21-openjdk-headless openssh-clients openssh-server sudo openssl tar which hostname procps-ng shadow-utils epel-release     && dnf -y install sshpass && dnf clean all && ssh-keygen -A   # sshpass(EPEL):OPMENU_SSH_AUTH=password 用
#20 CACHED

#21 [jump stage-1  4/14] COPY --from=cp /usr/share/java /usr/share/java
#21 CACHED

#22 [jump stage-1  3/14] COPY --from=cp /usr/bin/kafka-* /usr/bin/
#22 CACHED

#23 [jump stage-1  6/14] RUN groupadd opmenu && useradd -m -G opmenu -s /opt/opmenu/opmenu.sh gary     && useradd -r -m -d /etc/opmenu/bootstrap -s /sbin/nologin opbootstrap     && mkdir -p /var/log/opmenu && chgrp opmenu /var/log/opmenu && chmod 2775 /var/log/opmenu     && mkdir -p /etc/kafka/secrets
#23 CACHED

#24 [node1 stage-0 6/9] COPY opmenu-clean-logs /usr/local/sbin/opmenu-clean-logs
#24 DONE 0.1s

#25 [jump stage-1  7/14] COPY opmenu-bootstrap /usr/local/sbin/opmenu-bootstrap
#25 DONE 0.1s

#26 [jump stage-1  8/14] RUN chmod 755 /usr/local/sbin/opmenu-bootstrap     && echo 'gary ALL=(opbootstrap) NOPASSWD: /usr/local/sbin/opmenu-bootstrap' > /etc/sudoers.d/opmenu && chmod 440 /etc/sudoers.d/opmenu
#26 DONE 0.7s

#27 [node1 stage-0 7/9] RUN chmod 755 /usr/local/sbin/opmenu-clean-logs && useradd -m gary && echo 'gary:gary-pw' | chpasswd && mkdir -p /home/gary/.ssh   # 密碼與 demo 的 AD 相同,模擬 node 接 AD
#27 DONE 0.7s

#28 [jump stage-1  9/14] COPY --from=keys --chown=gary:gary gary /home/gary/.ssh/id_ed25519
#28 DONE 0.1s

#29 [node1 stage-0 8/9] COPY --from=keys gary.pub /home/gary/.ssh/authorized_keys
#29 DONE 0.1s

#30 [node1 stage-0 9/9] RUN chown -R gary:gary /home/gary/.ssh && chmod 700 /home/gary/.ssh && chmod 600 /home/gary/.ssh/authorized_keys     && printf 'gary ALL=(root) NOPASSWD: /usr/bin/systemctl restart confluent-*, /usr/bin/systemctl status confluent-*, /usr/bin/journalctl, /usr/local/sbin/opmenu-clean-logs\n' > /etc/sudoers.d/opmenu && chmod 440 /etc/sudoers.d/opmenu
#30 DONE 0.3s

#31 [jump stage-1 10/14] RUN chmod 700 /home/gary/.ssh && chmod 600 /home/gary/.ssh/id_ed25519     && printf 'Host *\n  StrictHostKeyChecking accept-new\n' > /home/gary/.ssh/config && chown gary:gary /home/gary/.ssh/config
#31 DONE 0.3s

#32 [node1] exporting to image
#32 exporting layers
#32 ...

#33 [jump stage-1 11/14] COPY --from=keys --chown=gary:gary gary.pub /home/gary/.ssh/authorized_keys
#33 DONE 0.3s

#32 [node1] exporting to image
#32 exporting layers 0.4s done
#32 exporting manifest sha256:cc88aaff278b3db9d353268b7bbfc65fbdff086316d3a6ab059f4527360a59c4 0.0s done
#32 exporting config sha256:ecf601dad256d783ad474535b7d986faf6004b49b026927f3ad88cc2059d45f8
#32 exporting config sha256:ecf601dad256d783ad474535b7d986faf6004b49b026927f3ad88cc2059d45f8 0.0s done
#32 exporting attestation manifest sha256:d2e1bea69b10dc21a74f29850be30951dc014a3501a5cc64f5e34662d43ebf93 0.0s done
#32 exporting manifest list sha256:df9870e79ec8d5be593d257effefb79b55678e172954eeaa1ae3d3bc8b74cbc8
#32 ...

#34 [jump stage-1 12/14] RUN chmod 600 /home/gary/.ssh/authorized_keys && printf '\nMatch Group opmenu\n  ForceCommand /opt/opmenu/opmenu.sh\n  AllowTcpForwarding no\n  AllowAgentForwarding no\n  X11Forwarding no\n  PermitTunnel no\n' >> /etc/ssh/sshd_config
#34 DONE 0.3s

#32 [node1] exporting to image
#32 exporting manifest list sha256:df9870e79ec8d5be593d257effefb79b55678e172954eeaa1ae3d3bc8b74cbc8 0.0s done
#32 naming to docker.io/library/rocky-node1:latest done
#32 unpacking to docker.io/library/rocky-node1:latest
#32 unpacking to docker.io/library/rocky-node1:latest 0.2s done
#32 DONE 0.8s

#35 [jump stage-1 13/14] COPY setup.sh /usr/local/sbin/opmenu-setup
#35 DONE 0.1s

#36 [jump stage-1 14/14] RUN chmod 755 /usr/local/sbin/opmenu-setup
#36 DONE 0.3s

#37 [node1] resolving provenance for metadata file
#37 DONE 0.0s

#38 [jump] exporting to image
#38 exporting layers 0.5s done
#38 exporting manifest sha256:748e4984c897001aa351f20720a75179fd6e5f9cc47f3e5fe5dd17c5f4e3385a 0.0s done
#38 exporting config sha256:5c4ff1cc97a811b97eda10a11956026bac8bf1e04777b2c2d3c8fbd96e997999 0.0s done
#38 exporting attestation manifest sha256:dfb5cefb2a56ebace8bbdcde0b8a9010b532787377cf86361ebe976a07d4cfb4 0.0s done
#38 exporting manifest list sha256:b8adbc6dccb0626fb517eb35c0f413c07b8ed22f450f802dc6476e85bf8d7909
#38 exporting manifest list sha256:b8adbc6dccb0626fb517eb35c0f413c07b8ed22f450f802dc6476e85bf8d7909 0.0s done
#38 naming to docker.io/library/rocky-jump:latest done
#38 unpacking to docker.io/library/rocky-jump:latest
#38 unpacking to docker.io/library/rocky-jump:latest 0.2s done
#38 DONE 0.9s

#39 [jump] resolving provenance for metadata file
#39 DONE 0.0s
 Image rocky-node1 Built 
 Image rocky-jump Built 
 Container rocky-jump Recreate 
 Container rocky-node1 Recreate 
 Container rocky-node1 Recreated 
 Container rocky-jump Recreated 
 Container rocky-jump Starting 
 Container rocky-node1 Starting 
 Container rocky-jump Started 
 Container rocky-node1 Started 
