== 1 主機、服務、數字(21–24)
  PASS  24 節點不在清單
  PASS  24 節點名稱含空白
  PASS  24 天數不是數字
  PASS  24 天數小於下限
  PASS  23 服務不在清單
  PASS  23 行數不是數字
  PASS  21 不是 broker 服務
  PASS  23 合法輸入照常可用
== 2 topic、consumer group、主體(14、32、33、36、41)
  PASS  14 topic 名稱含空白
  PASS  32 受保護的 topic(底線開頭)
  PASS  32 受保護的 audit topic
  PASS  33 受保護的 topic
  PASS  33 不符命名規範
  PASS  36 group 名稱含分隔符
  PASS  36 重設位置格式錯
  PASS  41 主體格式錯
  PASS  41 合法主體
== 3 授權與緊急(42、91)
  PASS  42 不允許指派 SystemAdmin
  PASS  42 不允許指派 UserAdmin
  PASS  42 資源類型不在清單
  PASS  91 工具不在清單
  PASS  91 動作不在允許清單
  PASS  91 不允許覆寫連線設定
  PASS  91 允許的動作
  PASS  91 沒有原因被擋
== 4 紀錄:每筆一行、欄位固定
  PASS  一次執行只增加一行紀錄
  PASS  紀錄含 session id
== 5 帳密不出現在行程清單
  PASS  curl 的帳密與 token 不在 ps(抓到 11 次 curl)
== 6 暫存檔:放記憶體檔案系統、強制終止後由下次啟動清掉
  PASS  session 中有 2 個暫存檔在 /dev/shm;KILL 後殘留(預期)
  PASS  下次啟動後殘留已清掉
== 7 正式設定(不允許環境變數覆寫)下,測試後門無效
  PASS  OPMENU_PASS 被忽略(要求輸入密碼)

== 結果:PASS 31 / FAIL 0
