== 前置:legacy-orders 綁 orders. 的 DeveloperWrite;legacy-other 沒有任何 role

== [0] 基線:不經 LB,直連 REST Proxy
legacy-orders(有授權)                                      {"offsets":[{"partition":0,"offset":31,"error_code":null,"error":null}],"key_schema_id":null,"value_schema_id":null}  [HTTP 200] curl_exit=0

legacy-other(有效憑證、沒授權)                        {"offsets":[{"partition":null,"offset":null,"error_code":40301,"error":"Not authorized to access topics: [orders.events]"}],"key_schema_id":null,"value_schema_id":null}  [HTTP 403] curl_exit=0

不帶憑證                                                    [HTTP 401] curl_exit=0

== [1] L4 透傳(F5 FastL4 / TCP):TLS 端到端
legacy-orders                                                 {"offsets":[{"partition":0,"offset":32,"error_code":null,"error":null}],"key_schema_id":null,"value_schema_id":null}  [HTTP 200] curl_exit=0

legacy-other                                                  {"offsets":[{"partition":null,"offset":null,"error_code":40301,"error":"Not authorized to access topics: [orders.events]"}],"key_schema_id":null,"value_schema_id":null}  [HTTP 403] curl_exit=0

不帶憑證                                                    [HTTP 401] curl_exit=0

偽造憑證(自簽)                                            [HTTP 000] curl_exit=56

網址用 LB 自己的名稱 lb-nginx(server 憑證 SAN 沒有它)  [HTTP 000] curl_exit=60

== [2] L7-A:LB 終止 TLS,連後端不帶憑證
legacy-orders                                                   [HTTP 401] curl_exit=0

不帶憑證                                                    [HTTP 401] curl_exit=0

== [3] L7-B:LB 終止 TLS,憑證資訊放 header 轉給後端
legacy-orders(header 帶 DN)                                    [HTTP 401] curl_exit=0

== [4] L7-C:LB 用固定一張 client 憑證(legacy-orders)連後端
legacy-orders                                                 {"offsets":[{"partition":0,"offset":33,"error_code":null,"error":null}],"key_schema_id":null,"value_schema_id":null}  [HTTP 200] curl_exit=0

legacy-other(應該沒權限,但經 LB 會變成誰?)         {"offsets":[{"partition":0,"offset":34,"error_code":null,"error":null}],"key_schema_id":null,"value_schema_id":null}  [HTTP 200] curl_exit=0

不帶憑證(連憑證都沒有)                              {"offsets":[{"partition":0,"offset":35,"error_code":null,"error":null}],"key_schema_id":null,"value_schema_id":null}  [HTTP 200] curl_exit=0

