[conjur] policy 已載入;host:svc-orders legacy-orders rogue-app opmenu broker
[conjur] 完成:https://conjur(容器網路內);policy 已載入,host API key 在 config/conjur/keys/
[
  "demo:host:kafka/broker",
  "demo:host:kafka/legacy-orders",
  "demo:host:kafka/opmenu",
  "demo:host:kafka/rogue-app",
  "demo:host:kafka/svc-orders"
]
[
  "demo:variable:kafka/broker/master-key",
  "demo:variable:kafka/legacy-orders/key",
  "demo:variable:kafka/opmenu/alertmanager-auth",
  "demo:variable:kafka/svc-orders/credential",
  "demo:variable:kafka/svc-orders/password"
]
 Container conjur-db Running 
 Container conjur-server Running 
 Container conjur Running 
 Container conjur-cli Running 
 Container conjur-db Waiting 
 Container conjur-db Healthy 
 Container conjur-server Waiting 
 Container conjur-server Healthy 
 Container conjur-db Waiting 
 Container conjur-server Waiting 
 Container conjur Waiting 
 Container conjur-cli Waiting 
 Container conjur-server Healthy 
 Container conjur-cli Healthy 
 Container conjur Healthy 
 Container conjur-db Healthy 
Loaded policy 'root'
