[conjur] policy 已載入;host:svc-orders legacy-orders rogue-app opmenu broker
[conjur] 完成:https://conjur(容器網路內);policy 已載入,host API key 在 config/conjur/keys/
[
  "demo:host:kafka/broker",
  "demo:host:kafka/legacy-orders",
  "demo:host:kafka/opmenu",
  "demo:host:kafka/rogue-app",
  "demo:host:kafka/svc-orders"
]
[
  "demo:variable:kafka/broker/master-key",
  "demo:variable:kafka/broker/master-key-passphrase",
  "demo:variable:kafka/broker/master-key-previous",
  "demo:variable:kafka/legacy-orders/key",
  "demo:variable:kafka/opmenu/alertmanager-auth",
  "demo:variable:kafka/svc-orders/credential"
]
① ② 向 Conjur 取帳密(身分 host/kafka/svc-orders;一個變數、一次取得)
③ ④ 在記憶體組連線設定並寫入 orders.events
   使用帳號 svc-orders;取得密碼(長度 16 字元;不顯示)
結果:成功寫入 orders.events(以 svc-orders 身分;連線設定只存在 /dev/shm,容器結束即消失)
 Container conjur-db Running 
 Container conjur-server Running 
 Container conjur-cli Running 
 Container conjur Running 
 Container conjur-db Waiting 
 Container conjur-db Healthy 
 Container conjur-server Waiting 
 Container conjur-server Healthy 
 Container conjur-cli Waiting 
 Container conjur Waiting 
 Container conjur-db Waiting 
 Container conjur-server Waiting 
 Container conjur Healthy 
 Container conjur-db Healthy 
 Container conjur-server Healthy 
 Container conjur-cli Healthy 
Loaded policy 'root'
