[conjur] policy 已載入;host:svc-orders legacy-orders rogue-app opmenu broker
[conjur] 完成:https://conjur(容器網路內);policy 已載入,host API key 在 config/conjur/keys/
[
  "demo:host:kafka/broker",
  "demo:host:kafka/legacy-orders",
  "demo:host:kafka/opmenu",
  "demo:host:kafka/rogue-app",
  "demo:host:kafka/svc-orders"
]
[
  "demo:variable:kafka/broker/master-key",
  "demo:variable:kafka/legacy-orders/key",
  "demo:variable:kafka/opmenu/alertmanager-auth",
  "demo:variable:kafka/svc-orders/credential",
  "demo:variable:kafka/svc-orders/password"
]
① 建立新帳號 svc-orders-v2(密碼隨機,只存進 Conjur)
② 複製 svc-orders 的角色給 svc-orders-v2(逐筆檢查)
  綁定 DeveloperWrite → User:svc-orders-v2 [HTTP 204]
③ 驗證新帳號:真的連得上,而且看得到和舊帳號同樣的 topic
  新舊帳號看到同樣的 3 個 topic
④ 驗證通過,新帳密才一次寫進 Conjur(kafka/svc-orders/credential,單一變數、原子)
結果:svc-orders-v2 已建立並綁定相同角色;Conjur 已指向 svc-orders-v2;svc-orders 仍可用(新舊並行中)
 Container conjur-server Running 
 Container conjur Running 
 Container conjur-cli Running 
 Container conjur-db Running 
 Container conjur-db Waiting 
 Container conjur-db Healthy 
 Container conjur-server Waiting 
 Container conjur-server Healthy 
 Container conjur Waiting 
 Container conjur-cli Waiting 
 Container conjur-db Waiting 
 Container conjur-server Waiting 
 Container conjur Healthy 
 Container conjur-server Healthy 
 Container conjur-db Healthy 
 Container conjur-cli Healthy 
Loaded policy 'root'
