[conjur] policy 已載入;host:svc-orders legacy-orders rogue-app opmenu broker
[conjur] 完成:https://conjur(容器網路內);policy 已載入,host API key 在 config/conjur/keys/
[
  "demo:host:kafka/broker",
  "demo:host:kafka/legacy-orders",
  "demo:host:kafka/opmenu",
  "demo:host:kafka/rogue-app",
  "demo:host:kafka/svc-orders"
]
[
  "demo:variable:kafka/broker/master-key",
  "demo:variable:kafka/legacy-orders/key",
  "demo:variable:kafka/opmenu/alertmanager-auth",
  "demo:variable:kafka/svc-orders/credential",
  "demo:variable:kafka/svc-orders/password"
]
結果:svc-orders 已隔離(角色已解除、憑證仍在);還在用它的人會被拒,audit 會看到 DENIED
舊帳號 svc-orders 隔離( UTC)之後的 audit:允許 0 筆、被拒 0 筆
判定:沒有人在用 → 可以 finish(注意:audit 不記錄 orders.* 讀取成功,所以要先 quarantine 讓還在用的人變成被拒,才看得到)
 Container conjur-db Running 
 Container conjur Running 
 Container conjur-cli Running 
 Container conjur-server Running 
 Container conjur-db Waiting 
 Container conjur-db Healthy 
 Container conjur-server Waiting 
 Container conjur-server Healthy 
 Container conjur Waiting 
 Container conjur-cli Waiting 
 Container conjur-server Waiting 
 Container conjur-db Waiting 
 Container conjur-cli Healthy 
 Container conjur-db Healthy 
 Container conjur-server Healthy 
 Container conjur Healthy 
Loaded policy 'root'
