[conjur] policy 已載入;host:svc-orders legacy-orders rogue-app opmenu broker
[conjur] 完成:https://conjur(容器網路內);policy 已載入,host API key 在 config/conjur/keys/
[
  "demo:host:kafka/broker",
  "demo:host:kafka/legacy-orders",
  "demo:host:kafka/opmenu",
  "demo:host:kafka/rogue-app",
  "demo:host:kafka/svc-orders"
]
[
  "demo:variable:kafka/broker/master-key",
  "demo:variable:kafka/legacy-orders/key",
  "demo:variable:kafka/opmenu/alertmanager-auth",
  "demo:variable:kafka/svc-orders/credential",
  "demo:variable:kafka/svc-orders/password"
]
結果:svc-orders 已隔離(角色已解除、憑證仍在);還在用它的人會被拒,audit 會看到 DENIED
結果:被拒絕
舊帳號 svc-orders 隔離( UTC)之後的 audit:允許 0 筆、被拒 1 筆
判定:還有人在用 svc-orders(被拒表示有人在隔離後還在嘗試)→ 先 rollback,找出是誰
結果:svc-orders 的角色已回復
結果:成功寫入 orders.events(以 svc-orders 身分;連線設定只存在 /dev/shm,容器結束即消失)
 Container conjur-server Running 
 Container conjur Running 
 Container conjur-cli Running 
 Container conjur-db Running 
 Container conjur-db Waiting 
 Container conjur-db Healthy 
 Container conjur-server Waiting 
 Container conjur-server Healthy 
 Container conjur-server Waiting 
 Container conjur Waiting 
 Container conjur-cli Waiting 
 Container conjur-db Waiting 
 Container conjur-cli Healthy 
 Container conjur-server Healthy 
 Container conjur Healthy 
 Container conjur-db Healthy 
Loaded policy 'root'
