[conjur] policy 已載入;host:svc-orders legacy-orders rogue-app opmenu broker
[conjur] 完成:https://conjur(容器網路內);policy 已載入,host API key 在 config/conjur/keys/
[
  "demo:host:kafka/broker",
  "demo:host:kafka/legacy-orders",
  "demo:host:kafka/opmenu",
  "demo:host:kafka/rogue-app",
  "demo:host:kafka/svc-orders"
]
[
  "demo:variable:kafka/broker/master-key",
  "demo:variable:kafka/legacy-orders/key",
  "demo:variable:kafka/opmenu/alertmanager-auth",
  "demo:variable:kafka/svc-orders/credential",
  "demo:variable:kafka/svc-orders/password"
]
[secret-protection] 主金鑰已存入 Conjur(kafka/broker/master-key),不在任何檔案裡
[secret-protection] certs/security.properties(加密後的密碼):
server.properties/ldap.java.naming.security.credentials = ENC[AES/GCM/NoPadding,data:rsvKhy8M48lL84fkb3caX/01F
_metadata.master_key.0.salt = 6UOj5FzZU8vW6MWHlv7m9NMXvXVbpk6/XpG3is3jiBU=
_metadata.symmetric_key.0.created_at = 2026-10-08 11:06:50.177705243 +0000 UTC m=+0.105019722
_metadata.symmetric_key.0.envvar = CONFLUENT_SECURITY_MASTER_KEY
_metadata.symmetric_key.0.length = 32
_metadata.symmetric_key.0.iterations = 10000
_metadata.symmetric_key.0.salt = KccBbTXbTkIDsyAmPgdTQ4Oha2yHuENQDPjJHWC1Y2Q=
_metadata.symmetric_key.0.enc = ENC[AES/GCM/NoPadding,data:+gTYKnI9IuN7E4YJVJeJa363/wmM23gTck5nAaRBvE7YHvxoZYq
server.properties/ldap.java.naming.security.credentials = ENC[AES/GCM/NoPadding,data:rsvKhy8M48lL84fkb3caX/01F
 Container conjur-db Running 
 Container conjur Running 
 Container conjur-cli Running 
 Container conjur-server Running 
 Container conjur-db Waiting 
 Container conjur-db Healthy 
 Container conjur-server Waiting 
 Container conjur-server Healthy 
 Container conjur-cli Waiting 
 Container conjur-server Waiting 
 Container conjur-db Waiting 
 Container conjur Waiting 
 Container conjur-server Healthy 
 Container conjur Healthy 
 Container conjur-db Healthy 
 Container conjur-cli Healthy 
Loaded policy 'root'
