[conjur] policy 已載入;host:svc-orders legacy-orders rogue-app opmenu broker
[conjur] 完成:https://conjur(容器網路內);policy 已載入,host API key 在 config/conjur/keys/
[
  "demo:host:kafka/broker",
  "demo:host:kafka/legacy-orders",
  "demo:host:kafka/opmenu",
  "demo:host:kafka/rogue-app",
  "demo:host:kafka/svc-orders"
]
[
  "demo:variable:kafka/broker/master-key",
  "demo:variable:kafka/legacy-orders/key",
  "demo:variable:kafka/opmenu/alertmanager-auth",
  "demo:variable:kafka/svc-orders/credential",
  "demo:variable:kafka/svc-orders/password"
]
[secret-protection] broker2 已用加密設定重啟;啟動紀錄:
[secret-protection] master key fetched from Conjur (not stored on disk)
broker2 的 /etc/kafka/kafka.properties 裡 AD 查詢密碼那一行:
ldap.java.naming.security.credentials=${securepass:/etc/kafka/secrets/security.properties:server.properties/ldap.java.naming.security.credentials}
broker2 的環境裡有沒有明文密碼:0 處
[HTTP 200]
 Container conjur-server Running 
 Container conjur-cli Running 
 Container conjur-db Running 
 Container conjur Running 
 Container conjur-db Waiting 
 Container conjur-db Healthy 
 Container conjur-server Waiting 
 Container conjur-server Healthy 
 Container conjur Waiting 
 Container conjur-server Waiting 
 Container conjur-cli Waiting 
 Container conjur-db Waiting 
 Container conjur-cli Healthy 
 Container conjur-db Healthy 
 Container conjur-server Healthy 
 Container conjur Healthy 
Loaded policy 'root'
 Container controller1 Running 
 Container openldap Running 
 Container broker2 Recreate 
 Container broker2 Recreated 
 Container openldap Waiting 
 Container controller1 Waiting 
 Container openldap Healthy 
 Container controller1 Healthy 
 Container broker2 Starting 
 Container broker2 Started 
 Container broker2 Waiting 
 Container controller1 Waiting 
 Container openldap Waiting 
 Container openldap Healthy 
 Container controller1 Healthy 
 Container broker2 Healthy
