[conjur] policy 已載入;host:svc-orders legacy-orders rogue-app opmenu broker
[conjur] 完成:https://conjur(容器網路內);policy 已載入,host API key 在 config/conjur/keys/
[
  "demo:host:kafka/broker",
  "demo:host:kafka/legacy-orders",
  "demo:host:kafka/opmenu",
  "demo:host:kafka/rogue-app",
  "demo:host:kafka/svc-orders"
]
[
  "demo:variable:kafka/broker/master-key",
  "demo:variable:kafka/broker/master-key-passphrase",
  "demo:variable:kafka/broker/master-key-previous",
  "demo:variable:kafka/legacy-orders/key",
  "demo:variable:kafka/opmenu/alertmanager-auth",
  "demo:variable:kafka/svc-orders/credential"
]
Created topic zdt.test.
① 背景 producer:1200 筆、每秒 5 筆、acks=all、冪等;同時輪替資料金鑰並滾動重啟 broker1 → broker2
      新檔變動行數:4
   [secret-protection] 重啟 broker1 → 健康;gary 經 broker1 登入 → [HTTP 200]
   [secret-protection] 重啟 broker2 → 健康;gary 經 broker2 登入 → [HTTP 200]
   判定:資料金鑰已輪替——所有值重新加密、主金鑰不變、Conjur 不用動,broker2 重啟後正常
② 等 producer 寫完…
   producer 的警告(重試、換 leader、斷線重連,屬正常)前幾種:
           1 WARN [Producer clientId=perf-producer-client] Received invalid metadata error in produce request on partition zdt.test-0
           1 WARN [Producer clientId=perf-producer-client] Got error produce response with correlation id 393 on topic-partition zdt.
   producer 回報送出 1200 筆;topic 實際 1200 筆;送出失敗 0 筆;警告行 2
判定:滾動重啟期間 producer 零送出失敗、零遺失(送出 1200 筆 = topic 1200 筆)
 Container conjur Running 
 Container conjur-db Running 
 Container conjur-server Running 
 Container conjur-cli Running 
 Container conjur-db Waiting 
 Container conjur-db Healthy 
 Container conjur-server Waiting 
 Container conjur-server Healthy 
 Container conjur-db Waiting 
 Container conjur-server Waiting 
 Container conjur-cli Waiting 
 Container conjur Waiting 
 Container conjur-db Healthy 
 Container conjur-server Healthy 
 Container conjur Healthy 
 Container conjur-cli Healthy 
Loaded policy 'root'
