# 【項目清單】選單分四層;編號第一位是層級
$ ./opmenu.sh --list
10	值班查看	查看 leader 與 partition 分布(balance report)
11	值班查看	cluster 與身分鏈健康檢查
12	值班查看	列出 topic 與 partition 狀態
13	值班查看	查看 consumer lag
14	值班查看	查看某個 topic 的設定
15	值班查看	查看 application 連線狀況
16	值班查看	查看磁碟與 data directory 用量
17	值班查看	查看 certificate 到期日
18	值班查看	收集 diagnostics
19	值班查看	查看生效中的設定(effective configuration)
21	服務操作	重啟單一 broker
22	服務操作	重啟 REST Proxy 或 C3
23	服務操作	查看服務日誌
24	服務操作	清理過期的應用程式日誌
25	服務操作	開始維護模式(Alertmanager silence)
26	服務操作	結束維護模式
27	服務操作	滾動重啟所有 broker
31	變更作業	建立 topic
32	變更作業	修改 topic retention
33	變更作業	刪除 topic
34	變更作業	新增 service account
35	變更作業	更換 service account 密碼
36	變更作業	重設 consumer 讀取位置
37	變更作業	下架 service account
41	授權與緊急	查看權限
42	授權與緊急	指派或移除權限
43	授權與緊急	匯出 audit 紀錄
44	授權與緊急	匯出權限清單(permission review)
45	授權與緊急	查詢 audit 紀錄(依主體、結果篩選)
91	授權與緊急	緊急模式(bootstrap 身分執行一個指令)
