[45] 查詢 audit 紀錄(依主體、結果篩選)  (授權與緊急)
  最近 N 分鐘的 audit 事件,可依主體(例 gary)與結果(DENIED 或 ALLOWED)篩選,畫面顯示最後 50 筆;需要 audit topic 的 DeveloperRead(同 43)
最近 240 分鐘符合 268 筆(結果 DENIED);顯示最後 50 筆:
2026-10-07T10:09:21 User:MING        mds.Authorize        Read           ControlCenterBrokerMetrics DENIED
2026-10-07T10:30:52 User:YUJIE       kafka.Metadata       Describe       orders.events              DENIED
2026-10-07T10:32:23 User:GARY        mds.Authorize        All            All                        DENIED
2026-10-07T10:32:44 User:GARY        mds.Authorize        All            All                        DENIED
2026-10-07T10:32:57 User:legacy-orders kafka.Metadata       Describe       orders.events              DENIED
2026-10-07T10:33:20 User:GARY        mds.Authorize        All            All                        DENIED
2026-10-07T10:33:20 User:GARY        mds.Authorize        All            All                        DENIED
2026-10-07T10:33:20 User:GARY        mds.Authorize        All            All                        DENIED
2026-10-07T10:43:10 User:YUJIE       kafka.Metadata       Describe       orders.events              DENIED
2026-10-07T10:43:15 User:GARY        mds.Authorize        All            All                        DENIED
2026-10-07T10:43:19 User:GARY        mds.Authorize        All            All                        DENIED
2026-10-07T10:23:05 User:legacy-orders kafka.Metadata       Describe       orders.events              DENIED
2026-10-07T10:23:06 User:legacy-orders kafka.Metadata       Describe       payments.events            DENIED
2026-10-07T10:39:52 User:legacy-other kafka.Metadata       Describe       orders.events              DENIED
2026-10-07T10:39:57 User:YUJIE       kafka.Metadata       Describe       orders.events              DENIED
2026-10-07T10:39:58 User:legacy-orders kafka.Metadata       Describe       payments.events            DENIED
2026-10-07T10:40:00 User:MING        kafka.Metadata       Describe       orders.events              DENIED
2026-10-07T10:40:05 User:MING        kafka.Metadata       Describe       orders.events              DENIED
2026-10-07T10:40:11 User:MING        kafka.Metadata       Describe       orders.events              DENIED
2026-10-07T10:40:17 User:MING        kafka.Metadata       Describe       orders.events              DENIED
2026-10-07T10:40:23 User:MING        kafka.Metadata       Describe       orders.events              DENIED
2026-10-07T10:40:30 User:MING        kafka.Metadata       Describe       orders.events              DENIED
2026-10-07T10:40:36 User:MING        kafka.Metadata       Describe       orders.events              DENIED
2026-10-07T10:40:42 User:MING        kafka.Metadata       Describe       orders.events              DENIED
2026-10-07T10:40:48 User:MING        kafka.Metadata       Describe       orders.events              DENIED
2026-10-07T10:40:54 User:MING        kafka.Metadata       Describe       orders.events              DENIED
2026-10-07T10:41:00 User:MING        kafka.Metadata       Describe       orders.events              DENIED
2026-10-07T10:41:06 User:MING        kafka.Metadata       Describe       orders.events              DENIED
2026-10-07T10:41:12 User:MING        kafka.Metadata       Describe       orders.events              DENIED
2026-10-07T11:10:53 User:MING        kafka.CreateTopics   Create         ming-test                  DENIED
2026-10-07T11:13:58 User:svc-orders  kafka.CreateTopics   Create         hack                       DENIED
2026-10-07T11:16:02 User:YUJIE       kafka.CreateTopics   Create         infra.ops-demo             DENIED
2026-10-07T11:16:16 User:YUJIE       kafka.CreateTopics   Create         infra.ops-demo             DENIED
2026-10-07T11:22:24 User:YUJIE       kafka.Produce        Write          orders.events              DENIED
2026-10-07T11:23:34 User:MING        mds.Authorize        Describe       security-metadata          DENIED
2026-10-07T10:43:36 User:GARY        mds.Authorize        All            All                        DENIED
2026-10-07T10:44:02 User:MING        kafka.Metadata       Describe       orders.events              DENIED
2026-10-07T10:44:29 User:MING        mds.Authorize        All            All                        DENIED
2026-10-07T10:44:29 User:MING        mds.Authorize        Write          ControlCenterAlerts        DENIED
2026-10-07T10:44:29 User:MING        mds.Authorize        Read           ControlCenterBrokerMetrics DENIED
2026-10-07T10:44:29 User:MING        mds.Authorize        All            All                        DENIED
2026-10-07T10:44:29 User:MING        mds.Authorize        Write          ControlCenterAlerts        DENIED
2026-10-07T10:44:29 User:MING        mds.Authorize        Read           ControlCenterBrokerMetrics DENIED
2026-10-07T10:44:29 User:MING        kafka.CreateTopics   Create         d88599cb-b2f5-4a1e-aea4-4de13ca82ee7 DENIED
2026-10-07T10:44:29 User:MING        kafka.CreateTopics   Create         d88599cb-b2f5-4a1e-aea4-4de13ca82ee7 DENIED
2026-10-07T11:11:16 User:MING        kafka.Produce        Write          orders.events              DENIED
2026-10-07T11:11:19 User:MING        kafka.Produce        Write          orders.events              DENIED
2026-10-07T11:12:27 User:svc-orders  kafka.Metadata       Describe       orders.events              DENIED
2026-10-07T11:12:31 User:svc-orders  kafka.Metadata       Describe       orders.events              DENIED
2026-10-07T11:12:43 User:svc-orders  kafka.Metadata       Describe       payments.events            DENIED
