
##### ch01 1.1 未帶帳密呼叫 REST Proxy → PASS
<html>
<head>
<meta http-equiv="Content-Type" content="text/html;charset=ISO-8859-1"/>
<title>Error 401 Unauthorized</title>
</head>
<body>
<h2>HTTP ERROR 401 Unauthorized</h2>
<table>
<tr><th>URI:</th><td>https://restproxy:8086/topics</td></tr>
<tr><th>STATUS:</th><td>401</td></tr>
<tr><th>MESSAGE:</th><td>Unauthorized</td></tr>
</table>

</body>
</html>

[HTTP 401]


##### ch01 1.2 帳號正確、密碼錯誤 → PASS
<html>
<head>
<meta http-equiv="Content-Type" content="text/html;charset=ISO-8859-1"/>
<title>Error 401 Unauthorized</title>
</head>
<body>
<h2>HTTP ERROR 401 Unauthorized</h2>
<table>
<tr><th>URI:</th><td>https://restproxy:8086/topics</td></tr>
<tr><th>STATUS:</th><td>401</td></tr>
<tr><th>MESSAGE:</th><td>Unauthorized</td></tr>
</table>

</body>
</html>

[HTTP 401]


##### ch01 1.3 用 AD 帳號直連 broker,密碼錯誤 → PASS
Error while executing topic command : Authentication failed: Invalid username or password
[2026-10-07 10:39:01,837] ERROR [AdminClient clientId=adminclient-1] Connection to node -1 (broker1/172.20.0.6:9094) failed authentication due to: Authentication failed: Invalid username or password (org.apache.kafka.clients.NetworkClient)
[2026-10-07 10:39:01,840] WARN [AdminClient clientId=adminclient-1] Fatal error during metadata update (org.apache.kafka.clients.admin.internals.AdminMetadataManager)
org.apache.kafka.common.errors.SaslAuthenticationException: Authentication failed: Invalid username or password
[2026-10-07 10:39:01,842] ERROR org.apache.kafka.common.errors.SaslAuthenticationException: Authentication failed: Invalid username or password
 (org.apache.kafka.tools.TopicCommand)


##### ch01 1.4 帳密正確(AD 登入成功)但尚未授權 → PASS
0


##### ch13 13.2 人:MDS 日誌裡的呼叫主體是使用者本人 → PASS
     31 MING POST /security/1.0/lookup/principals/User:MING/visibility
      4 MING PUT /security/1.0/authorize
      2 MING GET /security/1.0/lookup/rolebindings/principal/User:MING
      2 MING GET /security/1.0/lookup/managed/clusters/principal/User:MING
      2 MING GET /security/1.0/authenticate
      2 MING GET /security/1.0/activenodes/https


##### ch13 13.3 人:broker 端看到的也是使用者本人 → PASS
  20×  C3         | User:GARY | kafka.CreateTopics
  11×  REST Proxy | User:legacy-orders | kafka.Metadata
   7×  REST Proxy | User:YUJIE | kafka.Metadata
   6×  C3         | User:c3 | kafka.CreateTopics
   5×  REST Proxy | User:legacy-other | kafka.Metadata
   5×  REST Proxy | User:YUJIE | kafka.Produce
   4×  C3         | User:MING | kafka.DescribeConfigs
   4×  C3         | User:MING | kafka.CreateTopics
   1×  REST Proxy | User:MING | kafka.Produce
   1×  REST Proxy | User:legacy-orders | kafka.Produce


##### ch13 13.4 機器:C3 自己的服務身分 → PASS
{"jti":"4cmMscVzAnr7jaWu2oXhCQ","iss":"Confluent","sub":"c3","exp":1791373299,"iat":1791369699,"nbf":1791369639,"azp":"c3","auth_time":1791369699}


##### ch13 13.5 風險:c3 的憑證 = 管理員 → PASS

[HTTP 204]

[HTTP 204]


##### ch13 13.6 機器:自動化(CI)呼叫 C3 API → PASS
[]
[HTTP 200]
<html>
<head>
<meta http-equiv="Content-Type" content="text/html;charset=ISO-8859-1"/>
<title>Error 401 Bearer realm=&quot;&quot;,error=&quot;Invalid_Request : Token is not present&quot;</title>
</head>
<body>
<h2>HTTP ERROR 401 Bearer realm=&quot;&quot;,error=&quot;Invalid_Request : Token is not present&quot;</h2>
<table>
<tr><th>URI:</th><td>https://control-center:9022/2.0/clusters/kafka</td></tr>
<tr><th>STATUS:</th><td>401</td></tr>
<tr><th>MESSAGE:</th><td>Bearer realm=&quot;&quot;,error=&quot;Invalid_Request : Token is not present&quot;</td></tr>
</table>

</body>
</html>

[HTTP 401]


##### ch13 13.7 機器:Prometheus(HTTPS + Basic) → PASS
--- 不帶帳密
Unauthorized

[HTTP 401]
--- 帶 Basic 帳密(c3)
{"status":"success","data":{"resultType":"vector","result":[]}}
[HTTP 200]


##### ch13 13.8 機器:Alertmanager(HTTPS + Basic)連「寫入」都要帳密 → PASS
--- 不帶帳密
Unauthorized

[HTTP 401]
--- 帶 Basic 帳密(c3)
{"silenceID":"6ce2b9fc-1201-4cd4-bfd5-12b789ebae4f"}

[HTTP 200]

[HTTP 200]


##### ch17 17.1 AD ①:broker 連 AD 走 LDAPS(636),389 沒有 broker 的連線 → PASS
broker1(172.20.0.6): 252 條連到 636、0 條連到 389
broker2(172.20.0.5): 191 條連到 636、0 條連到 389


##### ch17 17.2 AD ②:信任簽發憑證的 CA 才連得上 LDAPS → PASS
--- 信任 demo CA
dn: dc=corp,dc=demo
result: 0 Success
--- 不信任 demo CA(只用系統預設的 CA)
ldap_sasl_bind(SIMPLE): Can't contact LDAP server (-1)


##### ch17 17.3 AD ③:人用 AD 帳密登入不受影響 → PASS
--- 正確密碼

[HTTP 200]
--- 錯誤密碼

[HTTP 401]
--- Kafka PLAIN(gary)列出 topic
__consumer_offsets
__internal_confluent_only_broker_info
_confluent-alerts
_confluent-command
_confluent-controlcenter-2-6-1-1-AlertHistoryStore-changelog


##### ch17 17.4 監控 ①:Prometheus 要 HTTPS + Basic → PASS
--- 不帶帳密
Unauthorized

[HTTP 401]
--- 錯誤密碼
Unauthorized

[HTTP 401]
--- 正確帳密
{"status":"success","data":{"resultType":"vector","result":[]}}
[HTTP 200]
--- 明文 HTTP
Client sent an HTTP request to an HTTPS server.

[HTTP 400]


##### ch17 17.5 監控 ②:Alertmanager 要 HTTPS + Basic → PASS
--- 不帶帳密

[HTTP 401]
--- 錯誤密碼
[HTTP 401]
--- 正確帳密
[HTTP 200]


##### ch17 17.6 監控 ③:broker 推送指標也走 HTTPS + Basic → PASS
{"status":"success","data":{"resultType":"vector","result":[{"metric":{},"value":[1791369726.142,"3.2019999027252197"]}]}}
[HTTP 200]


##### ch17 17.7 監控 ④:C3 到 Prometheus、Alertmanager 的連線狀態 → PASS
{"componentName":"PROMETHEUS","componentStatus":"ONLINE","lastSuccessfulHealthCheckTimeStamp":1791369718901}
[HTTP 200]
{"componentName":"ALERT_MANAGER","componentStatus":"ONLINE","lastSuccessfulHealthCheckTimeStamp":1791369728491}
[HTTP 200]


##### ch17 17.8 C3 ①:使用者連 C3 走 HTTPS,憑證驗證通過 → PASS
憑證驗證結果 0(0 = 通過) HTTP 200


##### ch17 17.9 C3 ②:不信任簽發的 CA,連線就被擋 → PASS
curl: (60) SSL certificate OpenSSL verify result: self-signed certificate in certificate chain (19)
