
##### ch12 12.2 發一張 client 憑證給 legacy app(CN = app 名稱) → PASS
subject=CN=legacy-orders, O=Demo
issuer=CN=Demo Private CA, O=Demo
notBefore=Oct  3 02:34:50 2026 GMT
notAfter=Jan  5 02:34:50 2029 GMT
Certificate request self-signature ok
subject=CN=legacy-orders, O=Demo


##### ch12 12.3 授權前:憑證通過認證,但沒有 role → 403 → PASS
{"offsets":[{"partition":null,"offset":null,"error_code":40301,"error":"Not authorized to access topics: [orders.events]"}],"key_schema_id":null,"value_schema_id":null}
[HTTP 403]


##### ch12 12.4 C3 操作:把 orders.* 寫入權限指派給 User:legacy-orders → PASS

[HTTP 204]


##### ch12 12.5 授權後:legacy app 寫入成功;寫 payments 被拒(最小權限) → PASS
{"offsets":[{"partition":0,"offset":16,"error_code":null,"error":null}],"key_schema_id":null,"value_schema_id":null}
[HTTP 200]
{"offsets":[{"partition":null,"offset":null,"error_code":40301,"error":"Not authorized to access topics: [payments.events]"}],"key_schema_id":null,"value_schema_id":null}
[HTTP 403]


##### ch12 12.6 沒憑證也沒帳密 → 401;有效憑證但沒授權 → 403;偽造憑證 → TLS 就被拒 → PASS

[HTTP 401]
{"offsets":[{"partition":null,"offset":null,"error_code":40301,"error":"Not authorized to access topics: [orders.events]"}],"key_schema_id":null,"value_schema_id":null}
[HTTP 403]

[HTTP 000]


##### ch12 12.7 並存:同一個 REST Proxy,人照常用 Basic(AD 帳密) → PASS

[HTTP 204]
{"offsets":[{"partition":0,"offset":17,"error_code":null,"error":null}],"key_schema_id":null,"value_schema_id":null}
[HTTP 200]


##### ch12 12.8 稽核:broker 端看到的主體 → PASS
02:32:16  User:legacy-orders kafka.Metadata      DENIED   orders.events
02:32:16  User:legacy-orders kafka.Metadata      DENIED   payments.events
02:32:21  User:legacy-other  kafka.Metadata      DENIED   orders.events
02:34:51  User:legacy-orders kafka.Metadata      DENIED   orders.events
02:34:59  User:legacy-orders kafka.Produce       ALLOWED  orders.events
02:35:01  User:legacy-orders kafka.Metadata      DENIED   payments.events
02:35:04  User:legacy-other  kafka.Metadata      DENIED   orders.events
02:35:14  User:yujie         kafka.Produce       ALLOWED  orders.events


##### ch12 12.9 看 MDS 日誌:人與機器對 MDS 的呼叫不同 → PASS
GET /security/1.0/authenticate   MDS 看到的主體: yujie
POST /security/1.0/impersonate   MDS 看到的主體: restproxy


##### ch12 12.10 看「代為申請」的 token 內容 → PASS
{"cp_proxy":"O=Demo,CN=restproxy","jti":"7wqG-7ZeyFSWVWAje-CujA","iss":"Confluent","sub":"legacy-orders","exp":1790998540,"iat":1790994940,"nbf":1790994880,"azp":"legacy-orders","auth_time":1790994940}


##### ch12 12.11 風險:REST Proxy 的憑證能代誰? → PASS
restproxy 憑證代 yujie          → [HTTP 200]
restproxy 憑證代 legacy-orders  → [HTTP 200]
restproxy 憑證代 gary           → [HTTP 403]
restproxy 憑證代 c3             → [HTTP 403]
restproxy 憑證代 bootstrap      → [HTTP 403]
c3 憑證代 yujie               → [HTTP 403]


##### ch12 12.12 清理 → PASS

[HTTP 204]

[HTTP 204]


##### ch13 13.2 人:MDS 日誌裡的呼叫主體是使用者本人 → PASS
     26 ming POST /security/1.0/lookup/principals/User:ming/visibility
      4 ming PUT /security/1.0/authorize
      2 ming GET /security/1.0/lookup/rolebindings/principal/User:ming
      2 ming GET /security/1.0/lookup/managed/clusters/principal/User:ming
      2 ming GET /security/1.0/authenticate
      2 ming GET /security/1.0/activenodes/https


##### ch13 13.3 人:broker 端看到的也是使用者本人 → PASS
  36×  C3         | User:gary | kafka.ListOffsets
  20×  C3         | User:gary | kafka.CreateTopics
  14×  C3         | User:gary | kafka.FetchConsumer
   8×  C3         | User:ming | kafka.ListOffsets
   8×  REST Proxy | User:legacy-orders | kafka.Metadata
   4×  C3         | User:ming | kafka.DescribeConfigs
   4×  C3         | User:ming | kafka.FetchConsumer
   4×  C3         | User:ming | kafka.CreateTopics
   3×  REST Proxy | User:legacy-other | kafka.Metadata
   3×  REST Proxy | User:yujie | kafka.Produce
   3×  REST Proxy | User:yujie | kafka.Metadata
   2×  REST Proxy | User:legacy-orders | kafka.Produce


##### ch13 13.4 機器:C3 自己的服務身分 → PASS
{"jti":"RvaPM7J-VoFjKiQs60PbSQ","iss":"Confluent","sub":"c3","exp":1790998586,"iat":1790994986,"nbf":1790994926,"azp":"c3","auth_time":1790994986}


##### ch13 13.5 風險:c3 的憑證 = 管理員 → PASS

[HTTP 204]

[HTTP 204]


##### ch13 13.6 機器:自動化(CI)呼叫 C3 API → PASS
[]
[HTTP 200]
<html>
<head>
<meta http-equiv="Content-Type" content="text/html;charset=ISO-8859-1"/>
<title>Error 401 Bearer realm=&quot;&quot;,error=&quot;Invalid_Request : Token is not present&quot;</title>
</head>
<body>
<h2>HTTP ERROR 401 Bearer realm=&quot;&quot;,error=&quot;Invalid_Request : Token is not present&quot;</h2>
<table>
<tr><th>URI:</th><td>http://control-center:9021/2.0/clusters/kafka</td></tr>
<tr><th>STATUS:</th><td>401</td></tr>
<tr><th>MESSAGE:</th><td>Bearer realm=&quot;&quot;,error=&quot;Invalid_Request : Token is not present&quot;</td></tr>
</table>

</body>
</html>

[HTTP 401]


##### ch13 13.7 機器:Prometheus 沒有認證 → PASS
{"status":"success","data":{"resultType":"vector","result":[]}}
[HTTP 200]


##### ch13 13.8 機器:Alertmanager 沒有認證,而且可寫 → PASS
{"silenceID":"c85db1f8-efa7-4675-b078-f75d09c3705f"}

[HTTP 200]

[HTTP 200]
