
===== T0 roleNames:gary(經 Group:kafka-admins 拿 SystemAdmin)/ ming(應為空)
["SystemAdmin"]
[HTTP 200]
[]
[HTTP 200]

===== T0b 用 ming 自己的 token 查自己(第二人檢查會這樣查)
{"error_code":40301,"message":"Action(scope='Scope(path='[]', clusters='{kafka-cluster=XyZBQ3-GTvKH2qNfP7X33A}')', resourcePattern='SecurityMetadata:LITERAL:security-metadata', operation='Describe', resourceReferenceCount='1', logIfAllowed='true', logIfDenied='true') not permitted for User:ming"}
[HTTP 403]

===== T1a ming 只有 AuditAdmin → 讀 audit topic
  bind User:ming AuditAdmin  ->  [HTTP 204] 
[2026-10-06 02:26:06,607] ERROR Error processing message, terminating consumer process:  (org.apache.kafka.tools.consumer.ConsoleConsumer)
org.apache.kafka.common.errors.TopicAuthorizationException: Not authorized to access topics: [confluent-audit-log-events]
Processed a total of 0 messages

===== T1b 加 DeveloperRead Topic confluent-audit-log-events + Group audit- → 讀 audit topic
  bind User:ming DeveloperRead Topic:confluent-audit-log-events(LITERAL) ->  [HTTP 204] 
  bind User:ming DeveloperRead Group:audit-(PREFIXED) ->  [HTTP 204] 
The consumer rebalance protocol (KIP-848) is production-ready! Set group.protocol=consumer to try it out. See https://ka
{"specversion":"1.0","id":"484d578f-2810-43c4-91fc-b5e9f064e206","source":"crn:///","type":"io.confluent.kafka.server/au
Processed a total of 1 messages
  unbind User:ming AuditAdmin  ->  [HTTP 204] 
  unbind User:ming DeveloperRead Topic:confluent-audit-log-events(LITERAL) ->  [HTTP 204] 
  unbind User:ming DeveloperRead Group:audit-(PREFIXED) ->  [HTTP 204] 

===== T2a ming = ResourceOwner Topic * + Group *
  bind User:ming ResourceOwner Topic:*(LITERAL) ->  [HTTP 204] 
  bind User:ming ResourceOwner Group:*(LITERAL) ->  [HTTP 204] 
-- 建 topic
Created topic spk.ro.
-- 改設定
Completed updating config for topic spk.ro.
-- 讀設定
Dynamic configs for topic spk.ro are:
  retention.ms=3600000 sensitive=false synonyms={DYNAMIC_TOPIC_CONFIG:retention.ms=3600000}
-- 重設 offset
GROUP           TOPIC           PARTITION  NEW-OFFSET
spk-g           spk.ro          0          0
-- 刪 group
Deletion of requested consumer groups ('spk-g') was successful.
-- 刪 topic
-- 建 SCRAM(預期被拒)
java.util.concurrent.ExecutionException: org.apache.kafka.common.errors.ClusterAuthorizationException: Request ALTER_USER_SCRAM_CREDENTIALS needs ALTER permission.
Caused by: org.apache.kafka.common.errors.ClusterAuthorizationException: Request ALTER_USER_SCRAM_CREDENTIALS needs ALTER permission.
-- 改 broker 動態設定(預期被拒)
java.util.concurrent.ExecutionException: org.apache.kafka.common.errors.ClusterAuthorizationException: Cluster authorization failed.
Caused by: org.apache.kafka.common.errors.ClusterAuthorizationException: Cluster authorization failed.
  unbind User:ming ResourceOwner Topic:*(LITERAL) ->  [HTTP 204] 
  unbind User:ming ResourceOwner Group:*(LITERAL) ->  [HTTP 204] 

===== T2b ming = ClusterAdmin
  bind User:ming ClusterAdmin  ->  [HTTP 204] 
-- 建 SCRAM
Completed updating config for user svc-spk.
-- 刪 SCRAM
Completed updating config for user svc-spk.
-- 建 topic
Created topic spk.ca.
-- 刪 topic
-- 讀 audit topic(預期被拒)
org.apache.kafka.common.errors.GroupAuthorizationException: Not authorized to access group: audit-ming
Processed a total of 0 messages
  unbind User:ming ClusterAdmin  ->  [HTTP 204] 

===== T3 元件主體的 binding
-- User%3Ac3
["SystemAdmin"]
[HTTP 200]
{"scope":{"clusters":{"kafka-cluster":"XyZBQ3-GTvKH2qNfP7X33A"}},"rolebindings":{"User:c3":{"SystemAdmin":[]}}}
[HTTP 200]
-- User%3Arestproxy
["DeveloperRead","DeveloperWrite"]
[HTTP 200]
{"scope":{"clusters":{"kafka-cluster":"XyZBQ3-GTvKH2qNfP7X33A"}},"rolebindings":{"User:restproxy":{"DeveloperRead":[{"resourceType":"Topic","name":"_confluent-command","patternType":"LITERAL"}],"DeveloperWrite":[{"resourceType":"Topic","name":"_confluent-command","patternType":"LITERAL"}]}}}
[HTTP 200]

===== 收尾:ming 應沒有任何 role
[]
[HTTP 200]
