===== partition 搬移方案(kafka-reassign-partitions --generate,只產生不執行)
-- [ming = Operator]
Error: org.apache.kafka.common.errors.TopicAuthorizationException: Topic authorization failed.
java.util.concurrent.ExecutionException: org.apache.kafka.common.errors.TopicAuthorizationException: Topic authorization failed.
	at java.base/java.util.concurrent.CompletableFuture.wrapInExecutionException(Unknown Source)
-- [ming = ResourceOwner Topic*+Group*]
Current partition replica assignment
{"version":1,"partitions":[{"topic":"optest.a","partition":0,"replicas":[12,11],"log_dirs":["any","any"]}]}
Proposed partition reassignment configuration
-- [ming = ClusterAdmin]
Current partition replica assignment
{"version":1,"partitions":[{"topic":"optest.a","partition":0,"replicas":[12,11],"log_dirs":["/var/lib/kafka/data","/var/lib/kafka/data"]}]}
Proposed partition reassignment configuration

===== SCRAM 密碼用檔案傳入(--add-config-file;密碼不會出現在 ps 的命令列)
Invalid credential property SCRAM_SHA_512=[password=optest-file-pw]
-- 用檔案設的密碼登入(通過 = 沒有 Authentication failed 字樣):
  ✘ 登入失敗
-- 用錯的密碼登入(應失敗):
  ✔ 被拒(Authentication failed)

===== 收尾
ming 的 role(應為空):
[]
